
[1m[30m[46m RUN [49m[39m[22m [36mv4.1.6 [39m[90mC:/Users/deepa/Desktop/meatec[39m

 [32m✓[39m __tests__/storage.test.ts[2m > [22mstorage[2m > [22mreturns the default snapshot when storage is empty[32m 10[2mms[22m[39m
 [32m✓[39m __tests__/storage.test.ts[2m > [22mstorage[2m > [22msaves and loads a snapshot[32m 3[2mms[22m[39m
 [32m✓[39m __tests__/storage.test.ts[2m > [22mstorage[2m > [22mfalls back on invalid json[32m 2[2mms[22m[39m
 [32m✓[39m __tests__/storage.test.ts[2m > [22mstorage[2m > [22mfalls back on unsupported versions[32m 1[2mms[22m[39m
 [32m✓[39m __tests__/storage.test.ts[2m > [22mstorage[2m > [22mclears a saved snapshot[32m 4[2mms[22m[39m
 [32m✓[39m __tests__/storage.test.ts[2m > [22mstorage[2m > [22mhandles environments without localStorage access[32m 3[2mms[22m[39m
 [32m✓[39m __tests__/mock-api.test.ts[2m > [22mmockApiFetch[2m > [22mauthenticates the seeded user[32m 40[2mms[22m[39m
 [32m✓[39m __tests__/mock-api.test.ts[2m > [22mmockApiFetch[2m > [22mrejects invalid credentials[32m 19[2mms[22m[39m
 [32m✓[39m __tests__/mock-api.test.ts[2m > [22mmockApiFetch[2m > [22mhandles missing request bodies[32m 14[2mms[22m[39m
 [32m✓[39m __tests__/mock-api.test.ts[2m > [22mmockApiFetch[2m > [22mrejects unauthorized task requests[32m 15[2mms[22m[39m
 [32m✓[39m __tests__/mock-api.test.ts[2m > [22mmockApiFetch[2m > [22mreturns persisted tasks for authorized requests[32m 20[2mms[22m[39m
 [32m✓[39m __tests__/mock-api.test.ts[2m > [22mmockApiFetch[2m > [22mcreates, updates, and deletes tasks[32m 18[2mms[22m[39m
 [32m✓[39m __tests__/mock-api.test.ts[2m > [22mmockApiFetch[2m > [22mvalidates new tasks[32m 24[2mms[22m[39m
 [32m✓[39m __tests__/mock-api.test.ts[2m > [22mmockApiFetch[2m > [22mvalidates descriptions and statuses[32m 36[2mms[22m[39m
 [32m✓[39m __tests__/mock-api.test.ts[2m > [22mmockApiFetch[2m > [22mhandles missing tasks during update and delete[32m 38[2mms[22m[39m
 [32m✓[39m __tests__/mock-api.test.ts[2m > [22mmockApiFetch[2m > [22mreturns 404 for unknown endpoints[32m 17[2mms[22m[39m
 [32m✓[39m __tests__/app-state.test.tsx[2m > [22mapp state[2m > [22mthrows when used outside the provider[32m 98[2mms[22m[39m
 [32m✓[39m __tests__/app-state.test.tsx[2m > [22mapp state[2m > [22mhydrates from storage and updates theme[33m 1199[2mms[22m[39m
node.exe : [90mstderr[2m | __tests__/task-card.test.tsx[2m > [22m[2mTaskCard[2m > [22m[2mrenders task details 
and triggers actions
At C:\Users\deepa\AppData\Roaming\npm\npx.ps1:24 char:5
+     & "node$exe"  "$basedir/node_modules/npm/bin/npx-cli.js" $args
+     ~~~~~~~~~~~~~~~~~~~~~~~~~~~~~~~~~~~~~~~~~~~~~~~~~~~~~~~~~~~~~~
    + CategoryInfo          : NotSpecified: ([90mstderr[2m...riggers actions:String) [], RemoteException
    + FullyQualifiedErrorId : NativeCommandError
 
[22m[39mWarning: [antd: Card] `bordered` is deprecated. Please use `variant` instead.

 [32m✓[39m __tests__/app-state.test.tsx[2m > [22mapp state[2m > [22mhandles login, refresh, save, delete, logout, and error cleanup[33m 2064[2mms[22m[39m
[90mstderr[2m | __tests__/task-card.test.tsx[2m > [22m[2mTaskCard[2m > [22m[2mdisables deletion while removing 
a task
[22m[39mWarning: [antd: Card] `bordered` is deprecated. Please use `variant` instead.

 [32m✓[39m __tests__/task-card.test.tsx[2m > [22mTaskCard[2m > [22mrenders task details and triggers actions[33m 2681[2mms[22m[39m
 [32m✓[39m __tests__/app-state.test.tsx[2m > [22mapp state[2m > [22mhandles refresh failures when the stored token is invalid[33m 437[2mms[22m[39m
[90mstderr[2m | __tests__/login-screen.test.tsx[2m > [22m[2mLoginScreen[2m > [22m[2mrenders the sign in UI
[22m[39mWarning: [antd: Card] `bordered` is deprecated. Please use `variant` instead.

 [31m×[39m __tests__/task-card.test.tsx[2m > [22mTaskCard[2m > [22mdisables deletion while removing a task[33m 1199[2mms[22m[39m
[31m   → Unable to find an accessible element with the role "button" and name "Delete"

Here are the accessible roles:

  heading:

  Name "Draft release note":
  [36m<h4[31m
    [33mclass[31m=[32m"ant-typography mt-4 !mb-2 text-balance css-dev-only-do-not-override-1tzwyuk css-var-root"[31m
  [36m/>[31m

  --------------------------------------------------
  button:

  Name "Edit":
  [36m<button[31m
    [33mclass[31m=[32m"ant-btn css-dev-only-do-not-override-1tzwyuk css-var-root ant-btn-round ant-btn-default ant-btn-color-default ant-btn-variant-outlined"[31m
    [33mtype[31m=[32m"button"[31m
  [36m/>[31m

  Name "loading Delete":
  [36m<button[31m
    [33mclass[31m=[32m"ant-btn css-dev-only-do-not-override-1tzwyuk css-var-root ant-btn-round ant-btn-primary ant-btn-dangerous ant-btn-color-dangerous ant-btn-variant-solid ant-btn-loading"[31m
    [33mtype[31m=[32m"button"[31m
  [36m/>[31m

  --------------------------------------------------
  img:

  Name "loading":
  [36m<span[31m
    [33maria-label[31m=[32m"loading"[31m
    [33mclass[31m=[32m"anticon anticon-loading anticon-spin"[31m
    [33mrole[31m=[32m"img"[31m
  [36m/>[31m

  --------------------------------------------------

Ignored nodes: comments, script, style
[36m<body>[31m
  [36m<div>[31m
    [36m<div[31m
      [33mclass[31m=[32m"ant-card shadow-sm mb-4 bg-muted/20 hover:bg-muted/30 transition-colors css-dev-only-do-not-override-1tzwyuk css-var-root"[31m
    [36m>[31m
      [36m<div[31m
        [33mclass[31m=[32m"ant-card-body"[31m
      [36m>[31m
        [36m<div[31m
          [33mclass[31m=[32m"flex flex-col gap-4 lg:flex-row lg:items-start lg:justify-between"[31m
        [36m>[31m
          [36m<div[31m
            [33mclass[31m=[32m"min-w-0 flex-1"[31m
          [36m>[31m
            [36m<div[31m
              [33mclass[31m=[32m"flex flex-wrap items-center gap-3"[31m
            [36m>[31m
              [36m<span[31m
                [33mclass[31m=[32m"ant-tag ant-tag-filled ant-tag-success uppercase tracking-wider m-0 css-dev-only-do-not-override-1tzwyuk css-var-root"[31m
              [36m>[31m
                [0mDone[0m
              [36m</span>[31m
              [36m<span[31m
                [33mclass[31m=[32m"ant-typography ant-typography-secondary text-xs css-dev-only-do-not-override-1tzwyuk css-var-root"[31m
              [36m>[31m
                [0mUpdated[0m
                [0m [0m
                [36m<span[31m
                  [33mclass[31m=[32m"tabular-nums"[31m
                [36m>[31m
                  [0mMay 12, 2026[0m
                [36m</span>[31m
              [36m</span>[31m
            [36m</div>[31m
            [36m<h4[31m
              [33mclass[31m=[32m"ant-typography mt-4 !mb-2 text-balance css-dev-only-do-not-override-1tzwyuk css-var-root"[31m
            [36m>[31m
              [0mDraft release note[0m
            [36m</h4>[31m
            [36m<div[31m
              [33mclass[31m=[32m"ant-typography ant-typography-secondary mb-0 leading-6 [text-wrap:pretty] css-dev-only-do-not-override-1tzwyuk css-var-root"[31m
            [36m>[31m
              [0mSummarize shipped work and capture notable changes for the team.[0m
            [36m</div>[31m
          [36m</div>[31m
          [36m<div[31m
            [33mclass[31m=[32m"flex shrink-0 items-center gap-2 mt-4 lg:mt-0"[31m
          [36m>[31m
            [36m<button[31m
              [33mclass[31m=[32m"ant-btn css-dev-only-do-not-override-1tzwyuk css-var-root ant-btn-round ant-btn-default ant-btn-color-default ant-btn-variant-outlined"[31m
              [33mtype[31m=[32m"button"[31m
            [36m>[31m
              [36m<span>[31m
                [0mEdit[0m
              [36m</span>[31m
            [36m</button>[31m
            [36m<button[31m
              [33mclass[31m=[32m"ant-btn css-dev-only-do-not-override-1tzwyuk css-var-root ant-btn-round ant-btn-primary ant-btn-dangerous ant-btn-color-dangerous ant-btn-variant-solid ant-btn-loading"[31m
              [33mtype[31m=[32m"button"[31m
            [36m>[31m
              [36m<span[31m
                [33mclass[31m=[32m"ant-btn-icon ant-btn-loading-icon"[31m
              [36m>[31m
                [36m<span[31m
                  [33maria-label[31m=[32m"loading"[31m
                  [33mclass[31m=[32m"anticon anticon-loading anticon-spin"[31m
                  [33mrole[31m=[32m"img"[31m
                [36m>[31m
                  [36m<svg[31m
                    [33maria-hidden[31m=[32m"true"[31m
                    [33mdata-icon[31m=[32m"loading"[31m
                    [33mfill[31m=[32m"currentColor"[31m
                    [33mfocusable[31m=[32m"false"[31m
                    [33mheight[31m=[32m"1em"[31m
                    [33mviewBox[31m=[32m"0 0 1024 1024"[31m
                    [33mwidth[31m=[32m"1em"[31m
                  [36m>[31m
                    [36m<path[31m
[90mstderr[2m | __tests__/login-screen.test.tsx[2m > [22m[2mLoginScreen[2m > [22m[2mredirects authenticated 
users to the dashboard
                      [33md[31m=[32m"M988 548c-19.9 0-36-16.1-36-36 0-59.4-11.6-117-34.6-171.3a440.45 440.45 0 00-94.3-139.9 437.71 437.71 0 00-139.9-94.3C629 83.6 571.4 72 512 72c-19.9 0-36-16.1-36-36s16.1-36 36-36c69.1 0 136.2 13.5 199.3 40.3C772.3 66 827 103 874 150c47 47 83.9 101.8 109.7 162.7 26.7 63.1 40.2 130.2 40.2 199.3.1 19.9-16 36-35.9 36z"[31m
                    [36m/>[31m
                  [36m</svg>[31m
                [36m</span>[31m
              [36m</span>[31m
              [36m<span>[31m
                [0mDelete[0m
              [36m</span>[31m
            [36m</button>[31m
          [36m</div>[31m
        [36m</div>[31m
      [36m</div>[31m
    [36m</div>[31m
  [36m</div>[31m
[36m</body>[31m[39m
 [32m✓[39m __tests__/app-state.test.tsx[2m > [22mapp state[2m > [22msupports provider-only composition[32m 152[2mms[22m[39m
 [32m✓[39m __tests__/app-state.test.tsx[2m > [22mapp state[2m > [22mfalls back to generic provider errors when the payload has no message[33m 313[2mms[22m[39m
 [32m✓[39m __tests__/login-screen.test.tsx[2m > [22mLoginScreen[2m > [22mrenders the sign in UI[33m 4056[2mms[22m[39m
[22m[39mWarning: [antd: Card] `bordered` is deprecated. Please use `variant` instead.

[90mstderr[2m | __tests__/login-screen.test.tsx[2m > [22m[2mLoginScreen[2m > [22m[2mshows auth errors and 
completes a successful login
[22m[39mWarning: [antd: Card] `bordered` is deprecated. Please use `variant` instead.
Warning: [antd: Card] `bordered` is deprecated. Please use `variant` instead.

 [32m✓[39m __tests__/login-screen.test.tsx[2m > [22mLoginScreen[2m > [22mredirects authenticated users to the dashboard[33m 772[2mms[22m[39m
[90mstderr[2m | __tests__/login-screen.test.tsx[2m > [22m[2mLoginScreen[2m > [22m[2mshows auth errors and 
completes a successful login
[22m[39mWarning: [antd: Card] `bordered` is deprecated. Please use `variant` instead.

[90mstderr[2m | __tests__/login-screen.test.tsx[2m > [22m[2mLoginScreen[2m > [22m[2mshows auth errors and 
completes a successful login
[22m[39mWarning: [antd: Card] `bordered` is deprecated. Please use `variant` instead.

[90mstderr[2m | __tests__/login-screen.test.tsx[2m > [22m[2mLoginScreen[2m > [22m[2mshows auth errors and 
completes a successful login
[22m[39mWarning: [antd: Card] `bordered` is deprecated. Please use `variant` instead.

[90mstderr[2m | __tests__/login-screen.test.tsx[2m > [22m[2mLoginScreen[2m > [22m[2mshows auth errors and 
completes a successful login
[22m[39mWarning: [antd: Card] `bordered` is deprecated. Please use `variant` instead.

 [31m×[39m __tests__/task-form.test.tsx[2m > [22mTaskForm[2m > [22mshows validation errors for short values[33m 5483[2mms[22m[39m
[31m   → Test timed out in 5000ms.
If this is a long-running test, pass a timeout value as the last argument or configure it globally with "testTimeout".[39m
[90mstderr[2m | __tests__/login-screen.test.tsx[2m > [22m[2mLoginScreen[2m > [22m[2mshows auth errors and 
completes a successful login
[22m[39mWarning: [antd: Card] `bordered` is deprecated. Please use `variant` instead.

[90mstderr[2m | __tests__/login-screen.test.tsx[2m > [22m[2mLoginScreen[2m > [22m[2mshows auth errors and 
completes a successful login
[22m[39mWarning: [antd: Card] `bordered` is deprecated. Please use `variant` instead.

[90mstderr[2m | __tests__/login-screen.test.tsx[2m > [22m[2mLoginScreen[2m > [22m[2mshows auth errors and 
completes a successful login
[22m[39mWarning: [antd: Card] `bordered` is deprecated. Please use `variant` instead.

[90mstderr[2m | __tests__/login-screen.test.tsx[2m > [22m[2mLoginScreen[2m > [22m[2mshows auth errors and 
completes a successful login
[22m[39mWarning: [antd: Card] `bordered` is deprecated. Please use `variant` instead.

[90mstderr[2m | __tests__/login-screen.test.tsx[2m > [22m[2mLoginScreen[2m > [22m[2mshows auth errors and 
completes a successful login
[22m[39mWarning: [antd: Card] `bordered` is deprecated. Please use `variant` instead.

[90mstderr[2m | __tests__/login-screen.test.tsx[2m > [22m[2mLoginScreen[2m > [22m[2mshows auth errors and 
completes a successful login
[22m[39mWarning: [antd: Card] `bordered` is deprecated. Please use `variant` instead.

[90mstderr[2m | __tests__/login-screen.test.tsx[2m > [22m[2mLoginScreen[2m > [22m[2mshows auth errors and 
completes a successful login
[22m[39mWarning: [antd: Card] `bordered` is deprecated. Please use `variant` instead.

[90mstderr[2m | __tests__/login-screen.test.tsx[2m > [22m[2mLoginScreen[2m > [22m[2mshows auth errors and 
completes a successful login
[22m[39mWarning: [antd: Card] `bordered` is deprecated. Please use `variant` instead.

 [32m✓[39m __tests__/task-form.test.tsx[2m > [22mTaskForm[2m > [22msubmits trimmed values[33m 2683[2mms[22m[39m
[90mstderr[2m | __tests__/login-screen.test.tsx[2m > [22m[2mLoginScreen[2m > [22m[2mshows auth errors and 
completes a successful login
[22m[39mWarning: [antd: Card] `bordered` is deprecated. Please use `variant` instead.
Warning: [antd: Alert] `message` is deprecated. Please use `title` instead.

[90mstderr[2m | __tests__/login-screen.test.tsx[2m > [22m[2mLoginScreen[2m > [22m[2mshows auth errors and 
completes a successful login
[22m[39mWarning: [antd: Card] `bordered` is deprecated. Please use `variant` instead.

 [31m×[39m __tests__/task-form.test.tsx[2m > [22mTaskForm[2m > [22mrenders the saving state[33m 552[2mms[22m[39m
[31m   → [2mexpect([22m[31melement[31m[2m).toBeDisabled()[22m

Received element is not disabled:
  [31m<button
  class="ant-btn css-dev-only-do-not-override-1tzwyuk css-var-root ant-btn-primary ant-btn-color-primary ant-btn-variant-solid ant-btn-lg ant-btn-loading font-semibold"
  type="submit"
/>[31m[39m
 [32m✓[39m __tests__/task-form.test.tsx[2m > [22mTaskForm[2m > [22mrejects invalid status values[33m 1063[2mms[22m[39m
[90mstderr[2m | __tests__/login-screen.test.tsx[2m > [22m[2mLoginScreen[2m > [22m[2mtoggles the login theme in 
both directions
[22m[39mWarning: [antd: Card] `bordered` is deprecated. Please use `variant` instead.

 [31m×[39m __tests__/login-screen.test.tsx[2m > [22mLoginScreen[2m > [22mshows auth errors and completes a successful login[33m 5163[2mms[22m[39m
[31m   → Test timed out in 5000ms.
If this is a long-running test, pass a timeout value as the last argument or configure it globally with "testTimeout".[39m
[90mstderr[2m | __tests__/login-screen.test.tsx[2m > [22m[2mLoginScreen[2m > [22m[2mtoggles the login theme in 
both directions
[22m[39mWarning: [antd: Card] `bordered` is deprecated. Please use `variant` instead.

[90mstderr[2m | __tests__/login-screen.test.tsx[2m > [22m[2mLoginScreen[2m > [22m[2mtoggles the login theme in 
both directions
[22m[39mWarning: [antd: Card] `bordered` is deprecated. Please use `variant` instead.

[90mstderr[2m | __tests__/login-screen.test.tsx[2m > [22m[2mLoginScreen[2m > [22m[2mtoggles the login theme in 
both directions
[22m[39mWarning: [antd: Card] `bordered` is deprecated. Please use `variant` instead.

 [32m✓[39m __tests__/login-screen.test.tsx[2m > [22mLoginScreen[2m > [22mtoggles the login theme in both directions[33m 1992[2mms[22m[39m
[90mstderr[2m | __tests__/dashboard-screen.test.tsx[2m > [22m[2mDashboardScreen[2m > [22m[2mredirects guests 
to the login page
[22m[39mWarning: [antd: Card] `bordered` is deprecated. Please use `variant` instead.
Warning: [antd: Card] `bordered` is deprecated. Please use `variant` instead.
Warning: [antd: Card] `bordered` is deprecated. Please use `variant` instead.
Warning: [antd: Card] `bordered` is deprecated. Please use `variant` instead.
Warning: [antd: Card] `bordered` is deprecated. Please use `variant` instead.
Warning: [antd: Card] `bordered` is deprecated. Please use `variant` instead.
Warning: [antd: Card] `bordered` is deprecated. Please use `variant` instead.
Warning: [antd: Card] `bordered` is deprecated. Please use `variant` instead.
Warning: [antd: Card] `bordered` is deprecated. Please use `variant` instead.
Warning: [antd: Modal] `destroyOnClose` is deprecated. Please use `destroyOnHidden` instead.

[90mstderr[2m | __tests__/dashboard-screen.test.tsx[2m > [22m[2mDashboardScreen[2m > [22m[2mrenders the 
dashboard route and task metrics
[22m[39mWarning: [antd: Card] `bordered` is deprecated. Please use `variant` instead.
Warning: [antd: Card] `bordered` is deprecated. Please use `variant` instead.
Warning: [antd: Card] `bordered` is deprecated. Please use `variant` instead.
Warning: [antd: Card] `bordered` is deprecated. Please use `variant` instead.
Warning: [antd: Card] `bordered` is deprecated. Please use `variant` instead.
Warning: [antd: Card] `bordered` is deprecated. Please use `variant` instead.
Warning: [antd: Card] `bordered` is deprecated. Please use `variant` instead.
Warning: [antd: Card] `bordered` is deprecated. Please use `variant` instead.
Warning: [antd: Card] `bordered` is deprecated. Please use `variant` instead.
Warning: [antd: Card] `bordered` is deprecated. Please use `variant` instead.
Warning: [antd: Card] `bordered` is deprecated. Please use `variant` instead.
Warning: [antd: Card] `bordered` is deprecated. Please use `variant` instead.
Warning: [antd: Modal] `destroyOnClose` is deprecated. Please use `destroyOnHidden` instead.

 [32m✓[39m __tests__/dashboard-screen.test.tsx[2m > [22mDashboardScreen[2m > [22mredirects guests to the login page[33m 1183[2mms[22m[39m
[90mstderr[2m | __tests__/dashboard-screen.test.tsx[2m > [22m[2mDashboardScreen[2m > [22m[2mrenders the 
dashboard route and task metrics
[22m[39mWarning: [antd: Card] `bordered` is deprecated. Please use `variant` instead.
Warning: [antd: Card] `bordered` is deprecated. Please use `variant` instead.
Warning: [antd: Card] `bordered` is deprecated. Please use `variant` instead.
Warning: [antd: Card] `bordered` is deprecated. Please use `variant` instead.
Warning: [antd: Card] `bordered` is deprecated. Please use `variant` instead.
Warning: [antd: Card] `bordered` is deprecated. Please use `variant` instead.
Warning: [antd: Card] `bordered` is deprecated. Please use `variant` instead.
Warning: [antd: Card] `bordered` is deprecated. Please use `variant` instead.
Warning: [antd: Card] `bordered` is deprecated. Please use `variant` instead.
Warning: [antd: Modal] `destroyOnClose` is deprecated. Please use `destroyOnHidden` instead.

 [32m✓[39m __tests__/dashboard-screen.test.tsx[2m > [22mDashboardScreen[2m > [22mrenders the dashboard route and task metrics[33m 992[2mms[22m[39m
[90mstderr[2m | __tests__/dashboard-screen.test.tsx[2m > [22m[2mDashboardScreen[2m > [22m[2mcreates, filters, 
edits, deletes, and logs out
[22m[39mWarning: [antd: Card] `bordered` is deprecated. Please use `variant` instead.
Warning: [antd: Card] `bordered` is deprecated. Please use `variant` instead.
Warning: [antd: Card] `bordered` is deprecated. Please use `variant` instead.
Warning: [antd: Card] `bordered` is deprecated. Please use `variant` instead.
Warning: [antd: Card] `bordered` is deprecated. Please use `variant` instead.
Warning: [antd: Card] `bordered` is deprecated. Please use `variant` instead.
Warning: [antd: Card] `bordered` is deprecated. Please use `variant` instead.
Warning: [antd: Card] `bordered` is deprecated. Please use `variant` instead.
Warning: [antd: Card] `bordered` is deprecated. Please use `variant` instead.
Warning: [antd: Card] `bordered` is deprecated. Please use `variant` instead.
Warning: [antd: Card] `bordered` is deprecated. Please use `variant` instead.
Warning: [antd: Card] `bordered` is deprecated. Please use `variant` instead.
Warning: [antd: Modal] `destroyOnClose` is deprecated. Please use `destroyOnHidden` instead.

[90mstderr[2m | __tests__/dashboard-screen.test.tsx[2m > [22m[2mDashboardScreen[2m > [22m[2mcreates, filters, 
edits, deletes, and logs out
[22m[39mWarning: [antd: Card] `bordered` is deprecated. Please use `variant` instead.
Warning: [antd: Card] `bordered` is deprecated. Please use `variant` instead.
Warning: [antd: Card] `bordered` is deprecated. Please use `variant` instead.
Warning: [antd: Card] `bordered` is deprecated. Please use `variant` instead.
Warning: [antd: Card] `bordered` is deprecated. Please use `variant` instead.
Warning: [antd: Card] `bordered` is deprecated. Please use `variant` instead.
Warning: [antd: Card] `bordered` is deprecated. Please use `variant` instead.
Warning: [antd: Card] `bordered` is deprecated. Please use `variant` instead.
Warning: [antd: Card] `bordered` is deprecated. Please use `variant` instead.
Warning: [antd: Modal] `destroyOnClose` is deprecated. Please use `destroyOnHidden` instead.

[90mstderr[2m | __tests__/dashboard-screen.test.tsx[2m > [22m[2mDashboardScreen[2m > [22m[2mcreates, filters, 
edits, deletes, and logs out
[22m[39mWarning: [antd: Card] `bordered` is deprecated. Please use `variant` instead.
Warning: [antd: Card] `bordered` is deprecated. Please use `variant` instead.
Warning: [antd: Card] `bordered` is deprecated. Please use `variant` instead.
Warning: [antd: Card] `bordered` is deprecated. Please use `variant` instead.
Warning: [antd: Card] `bordered` is deprecated. Please use `variant` instead.
Warning: [antd: Card] `bordered` is deprecated. Please use `variant` instead.
Warning: [antd: Card] `bordered` is deprecated. Please use `variant` instead.
Warning: [antd: Card] `bordered` is deprecated. Please use `variant` instead.
Warning: [antd: Card] `bordered` is deprecated. Please use `variant` instead.
Warning: [antd: Modal] `destroyOnClose` is deprecated. Please use `destroyOnHidden` instead.

[90mstderr[2m | __tests__/dashboard-screen.test.tsx[2m > [22m[2mDashboardScreen[2m > [22m[2mcreates, filters, 
edits, deletes, and logs out
[22m[39mWarning: [antd: Card] `bordered` is deprecated. Please use `variant` instead.
Warning: [antd: Card] `bordered` is deprecated. Please use `variant` instead.
Warning: [antd: Card] `bordered` is deprecated. Please use `variant` instead.
Warning: [antd: Card] `bordered` is deprecated. Please use `variant` instead.
Warning: [antd: Card] `bordered` is deprecated. Please use `variant` instead.
Warning: [antd: Card] `bordered` is deprecated. Please use `variant` instead.
Warning: [antd: Card] `bordered` is deprecated. Please use `variant` instead.
Warning: [antd: Card] `bordered` is deprecated. Please use `variant` instead.
Warning: [antd: Card] `bordered` is deprecated. Please use `variant` instead.
Warning: [antd: Modal] `destroyOnClose` is deprecated. Please use `destroyOnHidden` instead.

[90mstderr[2m | __tests__/dashboard-screen.test.tsx[2m > [22m[2mDashboardScreen[2m > [22m[2mshows form 
validation errors
[22m[39mWarning: [antd: Card] `bordered` is deprecated. Please use `variant` instead.
Warning: [antd: Card] `bordered` is deprecated. Please use `variant` instead.
Warning: [antd: Card] `bordered` is deprecated. Please use `variant` instead.
Warning: [antd: Card] `bordered` is deprecated. Please use `variant` instead.
Warning: [antd: Card] `bordered` is deprecated. Please use `variant` instead.
Warning: [antd: Card] `bordered` is deprecated. Please use `variant` instead.
Warning: [antd: Card] `bordered` is deprecated. Please use `variant` instead.
Warning: [antd: Card] `bordered` is deprecated. Please use `variant` instead.
Warning: [antd: Card] `bordered` is deprecated. Please use `variant` instead.
Warning: [antd: Modal] `destroyOnClose` is deprecated. Please use `destroyOnHidden` instead.

 [31m×[39m __tests__/dashboard-screen.test.tsx[2m > [22mDashboardScreen[2m > [22mcreates, filters, edits, deletes, and logs out[33m 3637[2mms[22m[39m
[31m   → Unable to find an accessible element with the role "button" and name "Refresh"

Here are the accessible roles:

  main:

  Name "":
  [36m<main[31m
    [33mclass[31m=[32m"min-h-screen w-full bg-[#f5f5f5] dark:bg-[#141414] px-4 py-5 sm:px-6 sm:py-8 lg:px-8 flex flex-col items-center"[31m
  [36m/>[31m

  --------------------------------------------------
  heading:

  Name "Overview":
  [36m<h2[31m
    [33mclass[31m=[32m"ant-typography mt-3 !mb-0 text-balance css-dev-only-do-not-override-1tzwyuk css-var-_r_2_"[31m
  [36m/>[31m

  Name "Tasks":
  [36m<h3[31m
    [33mclass[31m=[32m"ant-typography !mb-2 css-dev-only-do-not-override-1tzwyuk css-var-_r_2_"[31m
  [36m/>[31m

  Name "Finalize onboarding flow copy":
  [36m<h4[31m
    [33mclass[31m=[32m"ant-typography mt-4 !mb-2 text-balance css-dev-only-do-not-override-1tzwyuk css-var-_r_2_"[31m
  [36m/>[31m

  Name "Prepare weekly stakeholder summary":
  [36m<h4[31m
    [33mclass[31m=[32m"ant-typography mt-4 !mb-2 text-balance css-dev-only-do-not-override-1tzwyuk css-var-_r_2_"[31m
  [36m/>[31m

  Name "Archive resolved support escalations":
  [36m<h4[31m
    [33mclass[31m=[32m"ant-typography mt-4 !mb-2 text-balance css-dev-only-do-not-override-1tzwyuk css-var-_r_2_"[31m
  [36m/>[31m

  --------------------------------------------------
  button:

  Name "Dark Mode":
  [36m<button[31m
    [33mclass[31m=[32m"ant-btn css-dev-only-do-not-override-1tzwyuk css-var-_r_2_ ant-btn-round ant-btn-default ant-btn-color-default ant-btn-variant-outlined"[31m
    [33mtype[31m=[32m"button"[31m
  [36m/>[31m

  Name "reload Refresh":
  [36m<button[31m
    [33mclass[31m=[32m"ant-btn css-dev-only-do-not-override-1tzwyuk css-var-_r_2_ ant-btn-round ant-btn-default ant-btn-color-default ant-btn-variant-outlined"[31m
    [33mtype[31m=[32m"button"[31m
  [36m/>[31m

  Name "logout Logout":
  [36m<button[31m
    [33mclass[31m=[32m"ant-btn css-dev-only-do-not-override-1tzwyuk css-var-_r_2_ ant-btn-round ant-btn-primary ant-btn-dangerous ant-btn-color-dangerous ant-btn-variant-solid"[31m
    [33mtype[31m=[32m"button"[31m
  [36m/>[31m

  Name "plus Create Task":
  [36m<button[31m
    [33mclass[31m=[32m"ant-btn css-dev-only-do-not-override-1tzwyuk css-var-_r_2_ ant-btn-primary ant-btn-color-primary ant-btn-variant-solid ant-btn-lg rounded-lg font-semibold"[31m
    [33mtype[31m=[32m"button"[31m
  [36m/>[31m

  Name "All tasks":
  [36m<button[31m
    [33mclass[31m=[32m"ant-btn css-dev-only-do-not-override-1tzwyuk css-var-_r_2_ ant-btn-primary ant-btn-color-primary ant-btn-variant-solid ant-btn-lg ant-btn-compact-item ant-btn-compact-first-item"[31m
    [33mtype[31m=[32m"button"[31m
  [36m/>[31m

  Name "To do":
  [36m<button[31m
    [33mclass[31m=[32m"ant-btn css-dev-only-do-not-override-1tzwyuk css-var-_r_2_ ant-btn-default ant-btn-color-default ant-btn-variant-outlined ant-btn-lg ant-btn-compact-item"[31m
    [33mtype[31m=[32m"button"[31m
  [36m/>[31m

  Name "In progress":
  [36m<button[31m
    [33mclass[31m=[32m"ant-btn css-dev-only-do-not-override-1tzwyuk css-var-_r_2_ ant-btn-default ant-btn-color-default ant-btn-variant-outlined ant-btn-lg ant-btn-compact-item"[31m
    [33mtype[31m=[32m"button"[31m
  [36m/>[31m

  Name "Done":
  [36m<button[31m
    [33mclass[31m=[32m"ant-btn css-dev-only-do-not-override-1tzwyuk css-var-_r_2_ ant-btn-default ant-btn-color-default ant-btn-variant-outlined ant-btn-lg ant-btn-compact-item ant-btn-compact-last-item"[31m
    [33mtype[31m=[32m"button"[31m
  [36m/>[31m

  Name "Edit":
  [36m<button[31m
    [33mclass[31m=[32m"ant-btn css-dev-only-do-not-override-1tzwyuk css-var-_r_2_ ant-btn-round ant-btn-default ant-btn-color-default ant-btn-variant-outlined"[31m
    [33mtype[31m=[32m"button"[31m
  [36m/>[31m

  Name "Delete":
  [36m<button[31m
    [33mclass[31m=[32m"ant-btn css-dev-only-do-not-override-1tzwyuk css-var-_r_2_ ant-btn-round ant-btn-primary ant-btn-dangerous ant-btn-color-dangerous ant-btn-variant-solid"[31m
    [33mtype[31m=[32m"button"[31m
  [36m/>[31m

  Name "Edit":
  [36m<button[31m
    [33mclass[31m=[32m"ant-btn css-dev-only-do-not-override-1tzwyuk css-var-_r_2_ ant-btn-round ant-btn-default ant-btn-color-default ant-btn-variant-outlined"[31m
    [33mtype[31m=[32m"button"[31m
  [36m/>[31m

  Name "Delete":
  [36m<button[31m
    [33mclass[31m=[32m"ant-btn css-dev-only-do-not-override-1tzwyuk css-var-_r_2_ ant-btn-round ant-btn-primary ant-btn-dangerous ant-btn-color-dangerous ant-btn-variant-solid"[31m
    [33mtype[31m=[32m"button"[31m
  [36m/>[31m

  Name "Edit":
  [36m<button[31m
    [33mclass[31m=[32m"ant-btn css-dev-only-do-not-override-1tzwyuk css-var-_r_2_ ant-btn-round ant-btn-default ant-btn-color-default ant-btn-variant-outlined"[31m
    [33mtype[31m=[32m"button"[31m
  [36m/>[31m

  Name "Delete":
  [36m<button[31m
    [33mclass[31m=[32m"ant-btn css-dev-only-do-not-override-1tzwyuk css-var-_r_2_ ant-btn-round ant-btn-primary ant-btn-dangerous ant-btn-color-dangerous ant-btn-variant-solid"[31m
    [33mtype[31m=[32m"button"[31m
  [36m/>[31m

  --------------------------------------------------
  img:

  Name "reload":
  [36m<span[31m
    [33maria-label[31m=[32m"reload"[31m
    [33mclass[31m=[32m"anticon anticon-reload"[31m
    [33mrole[31m=[32m"img"[31m
  [36m/>[31m

  Name "logout":
  [36m<span[31m
    [33maria-label[31m=[32m"logout"[31m
    [33mclass[31m=[32m"anticon anticon-logout"[31m
    [33mrole[31m=[32m"img"[31m
  [36m/>[31m

  Name "plus":
  [36m<span[31m
    [33maria-label[31m=[32m"plus"[31m
    [33mclass[31m=[32m"anticon anticon-plus"[31m
    [33mrole[31m=[32m"img"[31m
  [36m/>[31m

  Name "search":
  [36m<span[31m
    [33maria-label[31m=[32m"search"[31m
    [33mclass[31m=[32m"anticon anticon-search text-muted-foreground"[31m
    [33mrole[31m=[32m"img"[31m
  [36m/>[31m

  --------------------------------------------------
  textbox:

  Name "":
  [36m<input[31m
    [33mclass[31m=[32m"ant-input ant-input-lg css-dev-only-do-not-override-1tzwyuk"[31m
    [33mplaceholder[31m=[32m"Search title or description..."[31m
    [33mtype[31m=[32m"text"[31m
    [33mvalue[31m=[32m""[31m
  [36m/>[31m

  --------------------------------------------------

Ignored nodes: comments, script, style
[36m<body>[31m
  [36m<div>[31m
    [36m<main[31m
      [33mclass[31m=[32m"min-h-screen w-full bg-[#f5f5f5] dark:bg-[#141414] px-4 py-5 sm:px-6 sm:py-8 lg:px-8 flex flex-col items-center"[31m
    [36m>[31m
      [36m<div[31m
        [33mclass[31m=[32m"w-full max-w-7xl flex flex-col gap-6"[31m
      [36m>[31m
        [36m<div[31m
          [33mclass[31m=[32m"ant-card shadow-sm css-dev-only-do-not-override-1tzwyuk css-var-_r_2_"[31m
        [36m>[31m
          [36m<div[31m
            [33mclass[31m=[32m"ant-card-body"[31m
          [36m>[31m
            [36m<div[31m
              [33mclass[31m=[32m"flex flex-col gap-6 lg:flex-row lg:items-end lg:justify-between"[31m
            [36m>[31m
              [36m<div[31m
                [33mclass[31m=[32m"max-w-2xl"[31m
              [36m>[31m
                [36m<span[31m
                  [33mclass[31m=[32m"ant-typography ant-typography-secondary text-xs font-semibold uppercase tracking-wider css-dev-only-do-not-override-1tzwyuk css-var-_r_2_"[31m
                [36m>[31m
                  [0mDashboard[0m
                [36m</span>[31m
                [36m<h2[31m
                  [33mclass[31m=[32m"ant-typography mt-3 !mb-0 text-balance css-dev-only-do-not-override-1tzwyuk css-var-_r_2_"[31m
                [36m>[31m
                  [0mOverview[0m
                [36m</h2>[31m
                [36m<div[31m
                  [33mclass[31m=[32m"ant-typography ant-typography-secondary mt-4 max-w-xl text-sm leading-6 [text-wrap:pretty] sm:text-base css-dev-only-do-not-override-1tzwyuk css-var-_r_2_"[31m
                [36m>[31m
                  [0mManage your tasks, track your progress, and stay organized. All changes are saved locally to your browser.[0m
                [36m</div>[31m
              [36m</div>[31m
              [36m<div[31m
                [33mclass[31m=[32m"flex flex-wrap items-center gap-3"[31m
              [36m>[31m
                [36m<button[31m
                  [33mclass[31m=[32m"ant-btn css-dev-only-do-not-override-1tzwyuk css-var-_r_2_ ant-btn-round ant-btn-default ant-btn-color-default ant-btn-variant-outlined"[31m
                  [33mtype[31m=[32m"button"[31m
                [36m>[31m
                  [36m<span>[31m
                    [0mDark Mode[0m
                  [36m</span>[31m
                [36m</button>[31m
                [36m<button[31m
                  [33mclass[31m=[32m"ant-btn css-dev-only-do-not-override-1tzwyuk css-var-_r_2_ ant-btn-round ant-btn-default ant-btn-color-default ant-btn-variant-outlined"[31m
                  [33mtype[31m=[32m"button"[31m
                [36m>[31m
                  [36m<span[31m
                    [33mclass[31m=[32m"ant-btn-icon"[31m
                  [36m>[31m
                    [36m<span[31m
                      [33maria-label[31m=[32m"reload"[31m
                      [33mclass[31m=[32m"anticon anticon-reload"[31m
                      [33mrole[31m=[32m"img"[31m
                    [36m>[31m
                      [36m<svg[31m
                        [33maria-hidden[31m=[32m"true"[31m
                        [33mdata-icon[31m=[32m"reload"[31m
                        [33mfill[31m=[32m"currentColor"[31m
                        [33mfocusable[31m=[32m"false"[31m
                        [33mheight[31m=[32m"1em"[31m
                        [33mviewBox[31m=[32m"64 64 896 896"[31m
                        [33mwidth[31m=[32m"1em"[31m
                      [36m>[31m
                        [36m<path[31m
                          [33md[31m=[32m"M909.1 209.3l-56.4 44.1C775.8 155.1 656.2 92 521.9 92 290 92 102.3 279.5 102 511.5 101.7 743.7 289.8 932 521.9 932c181.3 0 335.8-115 394.6-276.1 1.5-4.2-.7-8.9-4.9-10.3l-56.7-19.5a8 8 0 00-10.1 4.8c-1.8 5-3.8 10-5.9 14.9-17.3 41-42.1 77.8-73.7 109.4A344.77 344.77 0 01655.9 829c-42.3 17.9-87.4 27-133.8 27-46.5 0-91.5-9.1-133.8-27A341.5 341.5 0 01279 755.2a342.16 342.16 0 01-73.7-109.4c-17.9-42.4-27-87.4-27-133.9s9.1-91.5 27-133.9c17.3-41 42.1-77.8 73.7-109.4 31.6-31.6 68.4-56.4 109.3-73.8 42.3-17.9 87.4-27 133.8-27 46.5 0 91.5 9.1 133.8 27a341.5 341.5 0 01109.3 73.8c9.9 9.9 19.2 20.4 27.8 31.4l-60.2 47a8 8 0 003 14.1l175.6 43c5 1.2 9.9-2.6 9.9-7.7l.8-180.9c-.1-6.6-7.8-10.3-13-6.2z"[31m
                        [36m/>[31m
                      [36m</svg>[31m
                    [36m</span>[31m
                  [36m</span>[31m
                  [36m<span>[31m
                    [0mRefresh[0m
                  [36m</span>[31m
                [36m</button>[31m
                [36m<button[31m
                  [33mclass[31m=[32m"ant-btn css-dev-only-do-not-override-1tzwyuk css-var-_r_2_ ant-btn-round ant-btn-primary ant-btn-dangerous ant-btn-color-dangerous ant-btn-variant-solid"[31m
                  [33mtype[31m=[32m"button"[31m
                [36m>[31m
                  [36m<span[31m
                    [33mclass[31m=[32m"ant-btn-icon"[31m
                  [36m>[31m
                    [36m<span[31m
                      [33maria-label[31m=[32m"logout"[31m
                      [33mclass[31m=[32m"anticon anticon-logout"[31m
                      [33mrole[31m=[32m"img"[31m
                    [36m>[31m
                      [36m<svg[31m
                        [33maria-hidden[31m=[32m"true"[31m
                        [33mdata-icon[31m=[32m"logout"[31m
                        [33mfill[31m=[32m"currentColor"[31m
                        [33mfocusable[31m=[32m"false"[31m
                        [33mheight[31m=[32m"1em"[31m
                        [33mviewBox[31m=[32m"64 64 896 896"[31m
                        [33mwidth[31m=[32m"1em"[31m
                      [36m>[31m
                        [36m<path[31m
                          [33md[31m=[32m"M868 732h-70.3c-4.8 0-9.3 2.1-12.3 5.8-7 8.5-14.5 16.7-22.4 24.5a353.84 353.84 0 01-112.7 75.9A352.8 352.8 0 01512.4 866c-47.9 0-94.3-9.4-137.9-27.8a353.84 353.84 0 01-112.7-75.9 353.28 353.28 0 01-76-112.5C167.3 606.2 158 559.9 158 512s9.4-94.2 27.8-137.8c17.8-42.1 43.4-80 76-112.5s70.5-58.1 112.7-75.9c43.6-18.4 90-27.8 137.9-27.8 47.9 0 94.3 9.3 137.9 27.8 42.2 17.8 80.1 43.4 112.7 75.9 7.9 7.9 15.3 16.1 22.4 24.5 3 3.7 7.6 5.8 12.3 5.8H868c6.3 0 10.2-7 6.7-12.3C798 160.5 663.8 81.6 511.3 82 271.7 82.6 79.6 277.1 82 516.4 84.4 751.9 276.2 942 512.4 942c152.1 0 285.7-78.8 362.3-197.7 3.4-5.3-.4-12.3-6.7-12.3zm88.9-226.3L815 393.7c-5.3-4.2-13-.4-13 6.3v76H488c-4.4 0-8 3.6-8 8v56c0 4.4 3.6 8 8 8h314v76c0 6.7 7.8 10.5 13 6.3l141.9-112a8 8 0 000-12.6z"[31m
                        [36m/>[31m
                      [36m</svg>[31m
                    [36m</span>[31m
                  [36m</span>[31m
                  [36m<span>[31m
                    [0mLogout[0m
                  [36m</sp...[39m
[90mstderr[2m | __tests__/dashboard-screen.test.tsx[2m > [22m[2mDashboardScreen[2m > [22m[2mrenders the 
light-mode switch when the snapshot starts dark
[22m[39mWarning: [antd: Card] `bordered` is deprecated. Please use `variant` instead.
Warning: [antd: Card] `bordered` is deprecated. Please use `variant` instead.
Warning: [antd: Card] `bordered` is deprecated. Please use `variant` instead.
Warning: [antd: Card] `bordered` is deprecated. Please use `variant` instead.
Warning: [antd: Card] `bordered` is deprecated. Please use `variant` instead.
Warning: [antd: Card] `bordered` is deprecated. Please use `variant` instead.
Warning: [antd: Card] `bordered` is deprecated. Please use `variant` instead.
Warning: [antd: Card] `bordered` is deprecated. Please use `variant` instead.
Warning: [antd: Card] `bordered` is deprecated. Please use `variant` instead.
Warning: [antd: Card] `bordered` is deprecated. Please use `variant` instead.
Warning: [antd: Card] `bordered` is deprecated. Please use `variant` instead.
Warning: [antd: Card] `bordered` is deprecated. Please use `variant` instead.
Warning: [antd: Modal] `destroyOnClose` is deprecated. Please use `destroyOnHidden` instead.

 [31m×[39m __tests__/dashboard-screen.test.tsx[2m > [22mDashboardScreen[2m > [22mshows form validation errors[33m 1241[2mms[22m[39m
[31m   → Unable to find an accessible element with the role "button" and name "Create Task"

Here are the accessible roles:

  main:

  Name "":
  [36m<main[31m
    [33mclass[31m=[32m"min-h-screen w-full bg-[#f5f5f5] dark:bg-[#141414] px-4 py-5 sm:px-6 sm:py-8 lg:px-8 flex flex-col items-center"[31m
  [36m/>[31m

  --------------------------------------------------
  heading:

  Name "Overview":
  [36m<h2[31m
    [33mclass[31m=[32m"ant-typography mt-3 !mb-0 text-balance css-dev-only-do-not-override-1tzwyuk css-var-_r_3_"[31m
  [36m/>[31m

  Name "Tasks":
  [36m<h3[31m
    [33mclass[31m=[32m"ant-typography !mb-2 css-dev-only-do-not-override-1tzwyuk css-var-_r_3_"[31m
  [36m/>[31m

  Name "":
  [36m<h3[31m
    [33mclass[31m=[32m"ant-skeleton-title"[31m
    [33mstyle[31m=[32m"width: 38%;"[31m
  [36m/>[31m

  Name "":
  [36m<h3[31m
    [33mclass[31m=[32m"ant-skeleton-title"[31m
    [33mstyle[31m=[32m"width: 38%;"[31m
  [36m/>[31m

  Name "":
  [36m<h3[31m
    [33mclass[31m=[32m"ant-skeleton-title"[31m
    [33mstyle[31m=[32m"width: 38%;"[31m
  [36m/>[31m

  --------------------------------------------------
  button:

  Name "Dark Mode":
  [36m<button[31m
    [33mclass[31m=[32m"ant-btn css-dev-only-do-not-override-1tzwyuk css-var-_r_3_ ant-btn-round ant-btn-default ant-btn-color-default ant-btn-variant-outlined"[31m
    [33mtype[31m=[32m"button"[31m
  [36m/>[31m

  Name "reload Refresh":
  [36m<button[31m
    [33mclass[31m=[32m"ant-btn css-dev-only-do-not-override-1tzwyuk css-var-_r_3_ ant-btn-round ant-btn-default ant-btn-color-default ant-btn-variant-outlined"[31m
    [33mtype[31m=[32m"button"[31m
  [36m/>[31m

  Name "logout Logout":
  [36m<button[31m
    [33mclass[31m=[32m"ant-btn css-dev-only-do-not-override-1tzwyuk css-var-_r_3_ ant-btn-round ant-btn-primary ant-btn-dangerous ant-btn-color-dangerous ant-btn-variant-solid"[31m
    [33mtype[31m=[32m"button"[31m
  [36m/>[31m

  Name "plus Create Task":
  [36m<button[31m
    [33mclass[31m=[32m"ant-btn css-dev-only-do-not-override-1tzwyuk css-var-_r_3_ ant-btn-primary ant-btn-color-primary ant-btn-variant-solid ant-btn-lg rounded-lg font-semibold"[31m
    [33mtype[31m=[32m"button"[31m
  [36m/>[31m

  Name "All tasks":
  [36m<button[31m
    [33mclass[31m=[32m"ant-btn css-dev-only-do-not-override-1tzwyuk css-var-_r_3_ ant-btn-primary ant-btn-color-primary ant-btn-variant-solid ant-btn-lg ant-btn-compact-item ant-btn-compact-first-item"[31m
    [33mtype[31m=[32m"button"[31m
  [36m/>[31m

  Name "To do":
  [36m<button[31m
    [33mclass[31m=[32m"ant-btn css-dev-only-do-not-override-1tzwyuk css-var-_r_3_ ant-btn-default ant-btn-color-default ant-btn-variant-outlined ant-btn-lg ant-btn-compact-item"[31m
    [33mtype[31m=[32m"button"[31m
  [36m/>[31m

  Name "In progress":
  [36m<button[31m
    [33mclass[31m=[32m"ant-btn css-dev-only-do-not-override-1tzwyuk css-var-_r_3_ ant-btn-default ant-btn-color-default ant-btn-variant-outlined ant-btn-lg ant-btn-compact-item"[31m
    [33mtype[31m=[32m"button"[31m
  [36m/>[31m

  Name "Done":
  [36m<button[31m
    [33mclass[31m=[32m"ant-btn css-dev-only-do-not-override-1tzwyuk css-var-_r_3_ ant-btn-default ant-btn-color-default ant-btn-variant-outlined ant-btn-lg ant-btn-compact-item ant-btn-compact-last-item"[31m
    [33mtype[31m=[32m"button"[31m
  [36m/>[31m

  --------------------------------------------------
  img:

  Name "reload":
  [36m<span[31m
    [33maria-label[31m=[32m"reload"[31m
    [33mclass[31m=[32m"anticon anticon-reload"[31m
    [33mrole[31m=[32m"img"[31m
  [36m/>[31m

  Name "logout":
  [36m<span[31m
    [33maria-label[31m=[32m"logout"[31m
    [33mclass[31m=[32m"anticon anticon-logout"[31m
    [33mrole[31m=[32m"img"[31m
  [36m/>[31m

  Name "plus":
  [36m<span[31m
    [33maria-label[31m=[32m"plus"[31m
    [33mclass[31m=[32m"anticon anticon-plus"[31m
    [33mrole[31m=[32m"img"[31m
  [36m/>[31m

  Name "search":
  [36m<span[31m
    [33maria-label[31m=[32m"search"[31m
    [33mclass[31m=[32m"anticon anticon-search text-muted-foreground"[31m
    [33mrole[31m=[32m"img"[31m
  [36m/>[31m

  --------------------------------------------------
  textbox:

  Name "":
  [36m<input[31m
    [33mclass[31m=[32m"ant-input ant-input-lg css-dev-only-do-not-override-1tzwyuk"[31m
    [33mplaceholder[31m=[32m"Search title or description..."[31m
    [33mtype[31m=[32m"text"[31m
    [33mvalue[31m=[32m""[31m
  [36m/>[31m

  --------------------------------------------------
  list:

  Name "":
  [36m<ul[31m
    [33mclass[31m=[32m"ant-skeleton-paragraph"[31m
  [36m/>[31m

  Name "":
  [36m<ul[31m
    [33mclass[31m=[32m"ant-skeleton-paragraph"[31m
  [36m/>[31m

  Name "":
  [36m<ul[31m
    [33mclass[31m=[32m"ant-skeleton-paragraph"[31m
  [36m/>[31m

  --------------------------------------------------
  listitem:

  Name "":
  [36m<li />[31m

  Name "":
  [36m<li[31m
    [33mstyle[31m=[32m"width: 61%;"[31m
  [36m/>[31m

  Name "":
  [36m<li />[31m

  Name "":
  [36m<li[31m
    [33mstyle[31m=[32m"width: 61%;"[31m
  [36m/>[31m

  Name "":
  [36m<li />[31m

  Name "":
  [36m<li[31m
    [33mstyle[31m=[32m"width: 61%;"[31m
  [36m/>[31m

  --------------------------------------------------

Ignored nodes: comments, script, style
[36m<body>[31m
  [36m<div>[31m
    [36m<main[31m
      [33mclass[31m=[32m"min-h-screen w-full bg-[#f5f5f5] dark:bg-[#141414] px-4 py-5 sm:px-6 sm:py-8 lg:px-8 flex flex-col items-center"[31m
    [36m>[31m
      [36m<div[31m
        [33mclass[31m=[32m"w-full max-w-7xl flex flex-col gap-6"[31m
      [36m>[31m
        [36m<div[31m
          [33mclass[31m=[32m"ant-card shadow-sm css-dev-only-do-not-override-1tzwyuk css-var-_r_3_"[31m
        [36m>[31m
          [36m<div[31m
            [33mclass[31m=[32m"ant-card-body"[31m
          [36m>[31m
            [36m<div[31m
              [33mclass[31m=[32m"flex flex-col gap-6 lg:flex-row lg:items-end lg:justify-between"[31m
            [36m>[31m
              [36m<div[31m
                [33mclass[31m=[32m"max-w-2xl"[31m
              [36m>[31m
                [36m<span[31m
                  [33mclass[31m=[32m"ant-typography ant-typography-secondary text-xs font-semibold uppercase tracking-wider css-dev-only-do-not-override-1tzwyuk css-var-_r_3_"[31m
                [36m>[31m
                  [0mDashboard[0m
                [36m</span>[31m
                [36m<h2[31m
                  [33mclass[31m=[32m"ant-typography mt-3 !mb-0 text-balance css-dev-only-do-not-override-1tzwyuk css-var-_r_3_"[31m
                [36m>[31m
                  [0mOverview[0m
                [36m</h2>[31m
                [36m<div[31m
                  [33mclass[31m=[32m"ant-typography ant-typography-secondary mt-4 max-w-xl text-sm leading-6 [text-wrap:pretty] sm:text-base css-dev-only-do-not-override-1tzwyuk css-var-_r_3_"[31m
                [36m>[31m
                  [0mManage your tasks, track your progress, and stay organized. All changes are saved locally to your browser.[0m
                [36m</div>[31m
              [36m</div>[31m
              [36m<div[31m
                [33mclass[31m=[32m"flex flex-wrap items-center gap-3"[31m
              [36m>[31m
                [36m<button[31m
                  [33mclass[31m=[32m"ant-btn css-dev-only-do-not-override-1tzwyuk css-var-_r_3_ ant-btn-round ant-btn-default ant-btn-color-default ant-btn-variant-outlined"[31m
                  [33mtype[31m=[32m"button"[31m
                [36m>[31m
                  [36m<span>[31m
                    [0mDark Mode[0m
                  [36m</span>[31m
                [36m</button>[31m
                [36m<button[31m
                  [33mclass[31m=[32m"ant-btn css-dev-only-do-not-override-1tzwyuk css-var-_r_3_ ant-btn-round ant-btn-default ant-btn-color-default ant-btn-variant-outlined"[31m
                  [33mtype[31m=[32m"button"[31m
                [36m>[31m
                  [36m<span[31m
                    [33mclass[31m=[32m"ant-btn-icon"[31m
                  [36m>[31m
                    [36m<span[31m
                      [33maria-label[31m=[32m"reload"[31m
                      [33mclass[31m=[32m"anticon anticon-reload"[31m
                      [33mrole[31m=[32m"img"[31m
                    [36m>[31m
                      [36m<svg[31m
                        [33maria-hidden[31m=[32m"true"[31m
                        [33mdata-icon[31m=[32m"reload"[31m
                        [33mfill[31m=[32m"currentColor"[31m
                        [33mfocusable[31m=[32m"false"[31m
                        [33mheight[31m=[32m"1em"[31m
                        [33mviewBox[31m=[32m"64 64 896 896"[31m
                        [33mwidth[31m=[32m"1em"[31m
                      [36m>[31m
                        [36m<path[31m
                          [33md[31m=[32m"M909.1 209.3l-56.4 44.1C775.8 155.1 656.2 92 521.9 92 290 92 102.3 279.5 102 511.5 101.7 743.7 289.8 932 521.9 932c181.3 0 335.8-115 394.6-276.1 1.5-4.2-.7-8.9-4.9-10.3l-56.7-19.5a8 8 0 00-10.1 4.8c-1.8 5-3.8 10-5.9 14.9-17.3 41-42.1 77.8-73.7 109.4A344.77 344.77 0 01655.9 829c-42.3 17.9-87.4 27-133.8 27-46.5 0-91.5-9.1-133.8-27A341.5 341.5 0 01279 755.2a342.16 342.16 0 01-73.7-109.4c-17.9-42.4-27-87.4-27-133.9s9.1-91.5 27-133.9c17.3-41 42.1-77.8 73.7-109.4 31.6-31.6 68.4-56.4 109.3-73.8 42.3-17.9 87.4-27 133.8-27 46.5 0 91.5 9.1 133.8 27a341.5 341.5 0 01109.3 73.8c9.9 9.9 19.2 20.4 27.8 31.4l-60.2 47a8 8 0 003 14.1l175.6 43c5 1.2 9.9-2.6 9.9-7.7l.8-180.9c-.1-6.6-7.8-10.3-13-6.2z"[31m
                        [36m/>[31m
                      [36m</svg>[31m
                    [36m</span>[31m
                  [36m</span>[31m
                  [36m<span>[31m
                    [0mRefresh[0m
                  [36m</span>[31m
                [36m</button>[31m
                [36m<button[31m
                  [33mclass[31m=[32m"ant-btn css-dev-only-do-not-override-1tzwyuk css-var-_r_3_ ant-btn-round ant-btn-primary ant-btn-dangerous ant-btn-color-dangerous ant-btn-variant-solid"[31m
                  [33mtype[31m=[32m"button"[31m
                [36m>[31m
                  [36m<span[31m
                    [33mclass[31m=[32m"ant-btn-icon"[31m
                  [36m>[31m
                    [36m<span[31m
                      [33maria-label[31m=[32m"logout"[31m
                      [33mclass[31m=[32m"anticon anticon-logout"[31m
                      [33mrole[31m=[32m"img"[31m
                    [36m>[31m
                      [36m<svg[31m
                        [33maria-hidden[31m=[32m"true"[31m
                        [33mdata-icon[31m=[32m"logout"[31m
                        [33mfill[31m=[32m"currentColor"[31m
                        [33mfocusable[31m=[32m"false"[31m
                        [33mheight[31m=[32m"1em"[31m
                        [33mviewBox[31m=[32m"64 64 896 896"[31m
                        [33mwidth[31m=[32m"1em"[31m
                      [36m>[31m
                        [36m<path[31m
                          [33md[31m=[32m"M868 732h-70.3c-4.8 0-9.3 2.1-12.3 5.8-7 8.5-14.5 16.7-22.4 24.5a353.84 353.84 0 01-112.7 75.9A352.8 352.8 0 01512.4 866c-47.9 0-94.3-9.4-137.9-27.8a353.84 353.84 0 01-112.7-75.9 353.28 353.28 0 01-76-112.5C167.3 606.2 158 559.9 158 512s9.4-94.2 27.8-137.8c17.8-42.1 43.4-80 76-112.5s70.5-58.1 112.7-75.9c43.6-18.4 90-27.8 137.9-27.8 47.9 0 94.3 9.3 137.9 27.8 42.2 17.8 80.1 43.4 112.7 75.9 7.9 7.9 15.3 16.1 22.4 24.5 3 3.7 7.6 5.8 12.3 5.8H868c6.3 0 10.2-7 6.7-12.3C798 160.5 663.8 81.6 511.3 82 271.7 82.6 79.6 277.1 82 516.4 84.4 751.9 276.2 942 512.4 942c152.1 0 285.7-78.8 362.3-197.7 3.4-5.3-.4-12.3-6.7-12.3zm88.9-226.3L815 393.7c-5.3-4.2-13-.4-13 6.3v76H488c-4.4 0-8 3.6-8 8v56c0 4.4 3.6 8 8 8h314v76c0 6.7 7.8 10.5 13 6.3l141.9-112a8 8 0 000-12.6z"[31m
                        [36m/>[31m
                      [36m</svg>[31m
                    [36m</span>[31m
                  [36m</span>[31m
                  [36m<span>[31m
                    [0mLogout[0m
                  [36m</sp...[39m
[90mstderr[2m | __tests__/dashboard-screen.test.tsx[2m > [22m[2mDashboardScreen[2m > [22m[2mkeeps the editor 
open and shows a dismissible alert when save fails
[22m[39mWarning: [antd: Card] `bordered` is deprecated. Please use `variant` instead.
Warning: [antd: Card] `bordered` is deprecated. Please use `variant` instead.
Warning: [antd: Card] `bordered` is deprecated. Please use `variant` instead.
Warning: [antd: Card] `bordered` is deprecated. Please use `variant` instead.
Warning: [antd: Card] `bordered` is deprecated. Please use `variant` instead.
Warning: [antd: Card] `bordered` is deprecated. Please use `variant` instead.
Warning: [antd: Card] `bordered` is deprecated. Please use `variant` instead.
Warning: [antd: Card] `bordered` is deprecated. Please use `variant` instead.
Warning: [antd: Card] `bordered` is deprecated. Please use `variant` instead.
Warning: [antd: Card] `bordered` is deprecated. Please use `variant` instead.
Warning: [antd: Card] `bordered` is deprecated. Please use `variant` instead.
Warning: [antd: Card] `bordered` is deprecated. Please use `variant` instead.
Warning: [antd: Modal] `destroyOnClose` is deprecated. Please use `destroyOnHidden` instead.

 [32m✓[39m __tests__/dashboard-screen.test.tsx[2m > [22mDashboardScreen[2m > [22mrenders the light-mode switch when the snapshot starts dark[33m 402[2mms[22m[39m
 [31m×[39m __tests__/dashboard-screen.test.tsx[2m > [22mDashboardScreen[2m > [22mkeeps the editor open and shows a dismissible alert when save fails[33m 1851[2mms[22m[39m
[31m   → Unable to find an accessible element with the role "button" and name "Create Task"

Here are the accessible roles:

  main:

  Name "":
  [36m<main[31m
    [33mclass[31m=[32m"min-h-screen w-full bg-[#f5f5f5] dark:bg-[#141414] px-4 py-5 sm:px-6 sm:py-8 lg:px-8 flex flex-col items-center"[31m
  [36m/>[31m

  --------------------------------------------------
  heading:

  Name "Overview":
  [36m<h2[31m
    [33mclass[31m=[32m"ant-typography mt-3 !mb-0 text-balance css-dev-only-do-not-override-1tzwyuk css-var-_r_5_"[31m
  [36m/>[31m

  Name "Tasks":
  [36m<h3[31m
    [33mclass[31m=[32m"ant-typography !mb-2 css-dev-only-do-not-override-1tzwyuk css-var-_r_5_"[31m
  [36m/>[31m

  Name "":
  [36m<h3[31m
    [33mclass[31m=[32m"ant-skeleton-title"[31m
    [33mstyle[31m=[32m"width: 38%;"[31m
  [36m/>[31m

  Name "":
  [36m<h3[31m
    [33mclass[31m=[32m"ant-skeleton-title"[31m
    [33mstyle[31m=[32m"width: 38%;"[31m
  [36m/>[31m

  Name "":
  [36m<h3[31m
    [33mclass[31m=[32m"ant-skeleton-title"[31m
    [33mstyle[31m=[32m"width: 38%;"[31m
  [36m/>[31m

  Name "Finalize onboarding flow copy":
  [36m<h4[31m
    [33mclass[31m=[32m"ant-typography mt-4 !mb-2 text-balance css-dev-only-do-not-override-1tzwyuk css-var-_r_5_"[31m
  [36m/>[31m

  Name "Prepare weekly stakeholder summary":
  [36m<h4[31m
    [33mclass[31m=[32m"ant-typography mt-4 !mb-2 text-balance css-dev-only-do-not-override-1tzwyuk css-var-_r_5_"[31m
  [36m/>[31m

  Name "Archive resolved support escalations":
  [36m<h4[31m
    [33mclass[31m=[32m"ant-typography mt-4 !mb-2 text-balance css-dev-only-do-not-override-1tzwyuk css-var-_r_5_"[31m
  [36m/>[31m

  --------------------------------------------------
  button:

  Name "Dark Mode":
  [36m<button[31m
    [33mclass[31m=[32m"ant-btn css-dev-only-do-not-override-1tzwyuk css-var-_r_5_ ant-btn-round ant-btn-default ant-btn-color-default ant-btn-variant-outlined"[31m
    [33mtype[31m=[32m"button"[31m
  [36m/>[31m

  Name "reload Refresh":
  [36m<button[31m
    [33mclass[31m=[32m"ant-btn css-dev-only-do-not-override-1tzwyuk css-var-_r_5_ ant-btn-round ant-btn-default ant-btn-color-default ant-btn-variant-outlined"[31m
    [33mtype[31m=[32m"button"[31m
  [36m/>[31m

  Name "logout Logout":
  [36m<button[31m
    [33mclass[31m=[32m"ant-btn css-dev-only-do-not-override-1tzwyuk css-var-_r_5_ ant-btn-round ant-btn-primary ant-btn-dangerous ant-btn-color-dangerous ant-btn-variant-solid"[31m
    [33mtype[31m=[32m"button"[31m
  [36m/>[31m

  Name "plus Create Task":
  [36m<button[31m
    [33mclass[31m=[32m"ant-btn css-dev-only-do-not-override-1tzwyuk css-var-_r_5_ ant-btn-primary ant-btn-color-primary ant-btn-variant-solid ant-btn-lg rounded-lg font-semibold"[31m
    [33mtype[31m=[32m"button"[31m
  [36m/>[31m

  Name "All tasks":
  [36m<button[31m
    [33mclass[31m=[32m"ant-btn css-dev-only-do-not-override-1tzwyuk css-var-_r_5_ ant-btn-primary ant-btn-color-primary ant-btn-variant-solid ant-btn-lg ant-btn-compact-item ant-btn-compact-first-item"[31m
    [33mtype[31m=[32m"button"[31m
  [36m/>[31m

  Name "To do":
  [36m<button[31m
    [33mclass[31m=[32m"ant-btn css-dev-only-do-not-override-1tzwyuk css-var-_r_5_ ant-btn-default ant-btn-color-default ant-btn-variant-outlined ant-btn-lg ant-btn-compact-item"[31m
    [33mtype[31m=[32m"button"[31m
  [36m/>[31m

  Name "In progress":
  [36m<button[31m
    [33mclass[31m=[32m"ant-btn css-dev-only-do-not-override-1tzwyuk css-var-_r_5_ ant-btn-default ant-btn-color-default ant-btn-variant-outlined ant-btn-lg ant-btn-compact-item"[31m
    [33mtype[31m=[32m"button"[31m
  [36m/>[31m

  Name "Done":
  [36m<button[31m
    [33mclass[31m=[32m"ant-btn css-dev-only-do-not-override-1tzwyuk css-var-_r_5_ ant-btn-default ant-btn-color-default ant-btn-variant-outlined ant-btn-lg ant-btn-compact-item ant-btn-compact-last-item"[31m
    [33mtype[31m=[32m"button"[31m
  [36m/>[31m

  Name "Edit":
  [36m<button[31m
    [33mclass[31m=[32m"ant-btn css-dev-only-do-not-override-1tzwyuk css-var-_r_5_ ant-btn-round ant-btn-default ant-btn-color-default ant-btn-variant-outlined"[31m
    [33mtype[31m=[32m"button"[31m
  [36m/>[31m

  Name "Delete":
  [36m<button[31m
    [33mclass[31m=[32m"ant-btn css-dev-only-do-not-override-1tzwyuk css-var-_r_5_ ant-btn-round ant-btn-primary ant-btn-dangerous ant-btn-color-dangerous ant-btn-variant-solid"[31m
    [33mtype[31m=[32m"button"[31m
  [36m/>[31m

  Name "Edit":
  [36m<button[31m
    [33mclass[31m=[32m"ant-btn css-dev-only-do-not-override-1tzwyuk css-var-_r_5_ ant-btn-round ant-btn-default ant-btn-color-default ant-btn-variant-outlined"[31m
    [33mtype[31m=[32m"button"[31m
  [36m/>[31m

  Name "Delete":
  [36m<button[31m
    [33mclass[31m=[32m"ant-btn css-dev-only-do-not-override-1tzwyuk css-var-_r_5_ ant-btn-round ant-btn-primary ant-btn-dangerous ant-btn-color-dangerous ant-btn-variant-solid"[31m
    [33mtype[31m=[32m"button"[31m
  [36m/>[31m

  Name "Edit":
  [36m<button[31m
    [33mclass[31m=[32m"ant-btn css-dev-only-do-not-override-1tzwyuk css-var-_r_5_ ant-btn-round ant-btn-default ant-btn-color-default ant-btn-variant-outlined"[31m
    [33mtype[31m=[32m"button"[31m
  [36m/>[31m

  Name "Delete":
  [36m<button[31m
    [33mclass[31m=[32m"ant-btn css-dev-only-do-not-override-1tzwyuk css-var-_r_5_ ant-btn-round ant-btn-primary ant-btn-dangerous ant-btn-color-dangerous ant-btn-variant-solid"[31m
    [33mtype[31m=[32m"button"[31m
  [36m/>[31m

  --------------------------------------------------
  img:

  Name "reload":
  [36m<span[31m
    [33maria-label[31m=[32m"reload"[31m
    [33mclass[31m=[32m"anticon anticon-reload"[31m
    [33mrole[31m=[32m"img"[31m
  [36m/>[31m

  Name "logout":
  [36m<span[31m
    [33maria-label[31m=[32m"logout"[31m
    [33mclass[31m=[32m"anticon anticon-logout"[31m
    [33mrole[31m=[32m"img"[31m
  [36m/>[31m

  Name "plus":
  [36m<span[31m
    [33maria-label[31m=[32m"plus"[31m
    [33mclass[31m=[32m"anticon anticon-plus"[31m
    [33mrole[31m=[32m"img"[31m
  [36m/>[31m

  Name "search":
  [36m<span[31m
    [33maria-label[31m=[32m"search"[31m
    [33mclass[31m=[32m"anticon anticon-search text-muted-foreground"[31m
    [33mrole[31m=[32m"img"[31m
  [36m/>[31m

  --------------------------------------------------
  textbox:

  Name "":
  [36m<input[31m
    [33mclass[31m=[32m"ant-input ant-input-lg css-dev-only-do-not-override-1tzwyuk"[31m
    [33mplaceholder[31m=[32m"Search title or description..."[31m
    [33mtype[31m=[32m"text"[31m
    [33mvalue[31m=[32m""[31m
  [36m/>[31m

  --------------------------------------------------
  list:

  Name "":
  [36m<ul[31m
    [33mclass[31m=[32m"ant-skeleton-paragraph"[31m
  [36m/>[31m

  Name "":
  [36m<ul[31m
    [33mclass[31m=[32m"ant-skeleton-paragraph"[31m
  [36m/>[31m

  Name "":
  [36m<ul[31m
    [33mclass[31m=[32m"ant-skeleton-paragraph"[31m
  [36m/>[31m

  --------------------------------------------------
  listitem:

  Name "":
  [36m<li />[31m

  Name "":
  [36m<li[31m
    [33mstyle[31m=[32m"width: 61%;"[31m
  [36m/>[31m

  Name "":
  [36m<li />[31m

  Name "":
  [36m<li[31m
    [33mstyle[31m=[32m"width: 61%;"[31m
  [36m/>[31m

  Name "":
  [36m<li />[31m

  Name "":
  [36m<li[31m
    [33mstyle[31m=[32m"width: 61%;"[31m
  [36m/>[31m

  --------------------------------------------------

Ignored nodes: comments, script, style
[36m<body>[31m
  [36m<div>[31m
    [36m<main[31m
      [33mclass[31m=[32m"min-h-screen w-full bg-[#f5f5f5] dark:bg-[#141414] px-4 py-5 sm:px-6 sm:py-8 lg:px-8 flex flex-col items-center"[31m
    [36m>[31m
      [36m<div[31m
        [33mclass[31m=[32m"w-full max-w-7xl flex flex-col gap-6"[31m
      [36m>[31m
        [36m<div[31m
          [33mclass[31m=[32m"ant-card shadow-sm css-dev-only-do-not-override-1tzwyuk css-var-_r_5_"[31m
        [36m>[31m
          [36m<div[31m
            [33mclass[31m=[32m"ant-card-body"[31m
          [36m>[31m
            [36m<div[31m
              [33mclass[31m=[32m"flex flex-col gap-6 lg:flex-row lg:items-end lg:justify-between"[31m
            [36m>[31m
              [36m<div[31m
                [33mclass[31m=[32m"max-w-2xl"[31m
              [36m>[31m
                [36m<span[31m
                  [33mclass[31m=[32m"ant-typography ant-typography-secondary text-xs font-semibold uppercase tracking-wider css-dev-only-do-not-override-1tzwyuk css-var-_r_5_"[31m
                [36m>[31m
                  [0mDashboard[0m
                [36m</span>[31m
                [36m<h2[31m
                  [33mclass[31m=[32m"ant-typography mt-3 !mb-0 text-balance css-dev-only-do-not-override-1tzwyuk css-var-_r_5_"[31m
                [36m>[31m
                  [0mOverview[0m
                [36m</h2>[31m
                [36m<div[31m
                  [33mclass[31m=[32m"ant-typography ant-typography-secondary mt-4 max-w-xl text-sm leading-6 [text-wrap:pretty] sm:text-base css-dev-only-do-not-override-1tzwyuk css-var-_r_5_"[31m
                [36m>[31m
                  [0mManage your tasks, track your progress, and stay organized. All changes are saved locally to your browser.[0m
                [36m</div>[31m
              [36m</div>[31m
              [36m<div[31m
                [33mclass[31m=[32m"flex flex-wrap items-center gap-3"[31m
              [36m>[31m
                [36m<button[31m
                  [33mclass[31m=[32m"ant-btn css-dev-only-do-not-override-1tzwyuk css-var-_r_5_ ant-btn-round ant-btn-default ant-btn-color-default ant-btn-variant-outlined"[31m
                  [33mtype[31m=[32m"button"[31m
                [36m>[31m
                  [36m<span>[31m
                    [0mDark Mode[0m
                  [36m</span>[31m
                [36m</button>[31m
                [36m<button[31m
                  [33mclass[31m=[32m"ant-btn css-dev-only-do-not-override-1tzwyuk css-var-_r_5_ ant-btn-round ant-btn-default ant-btn-color-default ant-btn-variant-outlined"[31m
                  [33mtype[31m=[32m"button"[31m
                [36m>[31m
                  [36m<span[31m
                    [33mclass[31m=[32m"ant-btn-icon"[31m
                  [36m>[31m
                    [36m<span[31m
                      [33maria-label[31m=[32m"reload"[31m
                      [33mclass[31m=[32m"anticon anticon-reload"[31m
                      [33mrole[31m=[32m"img"[31m
                    [36m>[31m
                      [36m<svg[31m
                        [33maria-hidden[31m=[32m"true"[31m
                        [33mdata-icon[31m=[32m"reload"[31m
                        [33mfill[31m=[32m"currentColor"[31m
                        [33mfocusable[31m=[32m"false"[31m
                        [33mheight[31m=[32m"1em"[31m
                        [33mviewBox[31m=[32m"64 64 896 896"[31m
                        [33mwidth[31m=[32m"1em"[31m
                      [36m>[31m
                        [36m<path[31m
                          [33md[31m=[32m"M909.1 209.3l-56.4 44.1C775.8 155.1 656.2 92 521.9 92 290 92 102.3 279.5 102 511.5 101.7 743.7 289.8 932 521.9 932c181.3 0 335.8-115 394.6-276.1 1.5-4.2-.7-8.9-4.9-10.3l-56.7-19.5a8 8 0 00-10.1 4.8c-1.8 5-3.8 10-5.9 14.9-17.3 41-42.1 77.8-73.7 109.4A344.77 344.77 0 01655.9 829c-42.3 17.9-87.4 27-133.8 27-46.5 0-91.5-9.1-133.8-27A341.5 341.5 0 01279 755.2a342.16 342.16 0 01-73.7-109.4c-17.9-42.4-27-87.4-27-133.9s9.1-91.5 27-133.9c17.3-41 42.1-77.8 73.7-109.4 31.6-31.6 68.4-56.4 109.3-73.8 42.3-17.9 87.4-27 133.8-27 46.5 0 91.5 9.1 133.8 27a341.5 341.5 0 01109.3 73.8c9.9 9.9 19.2 20.4 27.8 31.4l-60.2 47a8 8 0 003 14.1l175.6 43c5 1.2 9.9-2.6 9.9-7.7l.8-180.9c-.1-6.6-7.8-10.3-13-6.2z"[31m
                        [36m/>[31m
                      [36m</svg>[31m
                    [36m</span>[31m
                  [36m</span>[31m
                  [36m<span>[31m
                    [0mRefresh[0m
                  [36m</span>[31m
                [36m</button>[31m
                [36m<button[31m
                  [33mclass[31m=[32m"ant-btn css-dev-only-do-not-override-1tzwyuk css-var-_r_5_ ant-btn-round ant-btn-primary ant-btn-dangerous ant-btn-color-dangerous ant-btn-variant-solid"[31m
                  [33mtype[31m=[32m"button"[31m
                [36m>[31m
                  [36m<span[31m
                    [33mclass[31m=[32m"ant-btn-icon"[31m
                  [36m>[31m
                    [36m<span[31m
                      [33maria-label[31m=[32m"logout"[31m
                      [33mclass[31m=[32m"anticon anticon-logout"[31m
                      [33mrole[31m=[32m"img"[31m
                    [36m>[31m
                      [36m<svg[31m
                        [33maria-hidden[31m=[32m"true"[31m
                        [33mdata-icon[31m=[32m"logout"[31m
                        [33mfill[31m=[32m"currentColor"[31m
                        [33mfocusable[31m=[32m"false"[31m
                        [33mheight[31m=[32m"1em"[31m
                        [33mviewBox[31m=[32m"64 64 896 896"[31m
                        [33mwidth[31m=[32m"1em"[31m
                      [36m>[31m
                        [36m<path[31m
                          [33md[31m=[32m"M868 732h-70.3c-4.8 0-9.3 2.1-12.3 5.8-7 8.5-14.5 16.7-22.4 24.5a353.84 353.84 0 01-112.7 75.9A352.8 352.8 0 01512.4 866c-47.9 0-94.3-9.4-137.9-27.8a353.84 353.84 0 01-112.7-75.9 353.28 353.28 0 01-76-112.5C167.3 606.2 158 559.9 158 512s9.4-94.2 27.8-137.8c17.8-42.1 43.4-80 76-112.5s70.5-58.1 112.7-75.9c43.6-18.4 90-27.8 137.9-27.8 47.9 0 94.3 9.3 137.9 27.8 42.2 17.8 80.1 43.4 112.7 75.9 7.9 7.9 15.3 16.1 22.4 24.5 3 3.7 7.6 5.8 12.3 5.8H868c6.3 0 10.2-7 6.7-12.3C798 160.5 663.8 81.6 511.3 82 271.7 82.6 79.6 277.1 82 516.4 84.4 751.9 276.2 942 512.4 942c152.1 0 285.7-78.8 362.3-197.7 3.4-5.3-.4-12.3-6.7-12.3zm88.9-226.3L815 393.7c-5.3-4.2-13-.4-13 6.3v76H488c-4.4 0-8 3.6-8 8v56c0 4.4 3.6 8 8 8h314v76c0 6.7 7.8 10.5 13 6.3l141.9-112a8 8 0 000-12.6z"[31m
                        [36m/>[31m
                      [36m</svg>[31m
                    [36m</span>[31m
                  [36m</span>[31m
                  [36m<span>[31m
                    [0mLogout[0m
                  [36m</sp...[39m

[31m⎯⎯⎯⎯⎯⎯⎯[39m[1m[41m Failed Tests 7 [49m[22m[31m⎯⎯⎯⎯⎯⎯⎯[39m

[41m[1m FAIL [22m[49m __tests__/dashboard-screen.test.tsx[2m > [22mDashboardScreen[2m > [22mcreates, filters, 
edits, deletes, and logs out
[31m[1mTestingLibraryElementError[22m[39m: Unable to find an accessible element with the role "button" and name 
"Refresh"

Here are the accessible roles:

  main:

  Name "":
  [36m<main[39m
    [33mclass[39m=[32m"min-h-screen w-full bg-[#f5f5f5] dark:bg-[#141414] px-4 py-5 sm:px-6 sm:py-8 lg:px-8 flex 
flex-col items-center"[39m
  [36m/>[39m

  --------------------------------------------------
  heading:

  Name "Overview":
  [36m<h2[39m
    [33mclass[39m=[32m"ant-typography mt-3 !mb-0 text-balance css-dev-only-do-not-override-1tzwyuk 
css-var-_r_2_"[39m
  [36m/>[39m

  Name "Tasks":
  [36m<h3[39m
    [33mclass[39m=[32m"ant-typography !mb-2 css-dev-only-do-not-override-1tzwyuk css-var-_r_2_"[39m
  [36m/>[39m

  Name "Finalize onboarding flow copy":
  [36m<h4[39m
    [33mclass[39m=[32m"ant-typography mt-4 !mb-2 text-balance css-dev-only-do-not-override-1tzwyuk 
css-var-_r_2_"[39m
  [36m/>[39m

  Name "Prepare weekly stakeholder summary":
  [36m<h4[39m
    [33mclass[39m=[32m"ant-typography mt-4 !mb-2 text-balance css-dev-only-do-not-override-1tzwyuk 
css-var-_r_2_"[39m
  [36m/>[39m

  Name "Archive resolved support escalations":
  [36m<h4[39m
    [33mclass[39m=[32m"ant-typography mt-4 !mb-2 text-balance css-dev-only-do-not-override-1tzwyuk 
css-var-_r_2_"[39m
  [36m/>[39m

  --------------------------------------------------
  button:

  Name "Dark Mode":
  [36m<button[39m
    [33mclass[39m=[32m"ant-btn css-dev-only-do-not-override-1tzwyuk css-var-_r_2_ ant-btn-round ant-btn-default 
ant-btn-color-default ant-btn-variant-outlined"[39m
    [33mtype[39m=[32m"button"[39m
  [36m/>[39m

  Name "reload Refresh":
  [36m<button[39m
    [33mclass[39m=[32m"ant-btn css-dev-only-do-not-override-1tzwyuk css-var-_r_2_ ant-btn-round ant-btn-default 
ant-btn-color-default ant-btn-variant-outlined"[39m
    [33mtype[39m=[32m"button"[39m
  [36m/>[39m

  Name "logout Logout":
  [36m<button[39m
    [33mclass[39m=[32m"ant-btn css-dev-only-do-not-override-1tzwyuk css-var-_r_2_ ant-btn-round ant-btn-primary 
ant-btn-dangerous ant-btn-color-dangerous ant-btn-variant-solid"[39m
    [33mtype[39m=[32m"button"[39m
  [36m/>[39m

  Name "plus Create Task":
  [36m<button[39m
    [33mclass[39m=[32m"ant-btn css-dev-only-do-not-override-1tzwyuk css-var-_r_2_ ant-btn-primary 
ant-btn-color-primary ant-btn-variant-solid ant-btn-lg rounded-lg font-semibold"[39m
    [33mtype[39m=[32m"button"[39m
  [36m/>[39m

  Name "All tasks":
  [36m<button[39m
    [33mclass[39m=[32m"ant-btn css-dev-only-do-not-override-1tzwyuk css-var-_r_2_ ant-btn-primary 
ant-btn-color-primary ant-btn-variant-solid ant-btn-lg ant-btn-compact-item ant-btn-compact-first-item"[39m
    [33mtype[39m=[32m"button"[39m
  [36m/>[39m

  Name "To do":
  [36m<button[39m
    [33mclass[39m=[32m"ant-btn css-dev-only-do-not-override-1tzwyuk css-var-_r_2_ ant-btn-default 
ant-btn-color-default ant-btn-variant-outlined ant-btn-lg ant-btn-compact-item"[39m
    [33mtype[39m=[32m"button"[39m
  [36m/>[39m

  Name "In progress":
  [36m<button[39m
    [33mclass[39m=[32m"ant-btn css-dev-only-do-not-override-1tzwyuk css-var-_r_2_ ant-btn-default 
ant-btn-color-default ant-btn-variant-outlined ant-btn-lg ant-btn-compact-item"[39m
    [33mtype[39m=[32m"button"[39m
  [36m/>[39m

  Name "Done":
  [36m<button[39m
    [33mclass[39m=[32m"ant-btn css-dev-only-do-not-override-1tzwyuk css-var-_r_2_ ant-btn-default 
ant-btn-color-default ant-btn-variant-outlined ant-btn-lg ant-btn-compact-item ant-btn-compact-last-item"[39m
    [33mtype[39m=[32m"button"[39m
  [36m/>[39m

  Name "Edit":
  [36m<button[39m
    [33mclass[39m=[32m"ant-btn css-dev-only-do-not-override-1tzwyuk css-var-_r_2_ ant-btn-round ant-btn-default 
ant-btn-color-default ant-btn-variant-outlined"[39m
    [33mtype[39m=[32m"button"[39m
  [36m/>[39m

  Name "Delete":
  [36m<button[39m
    [33mclass[39m=[32m"ant-btn css-dev-only-do-not-override-1tzwyuk css-var-_r_2_ ant-btn-round ant-btn-primary 
ant-btn-dangerous ant-btn-color-dangerous ant-btn-variant-solid"[39m
    [33mtype[39m=[32m"button"[39m
  [36m/>[39m

  Name "Edit":
  [36m<button[39m
    [33mclass[39m=[32m"ant-btn css-dev-only-do-not-override-1tzwyuk css-var-_r_2_ ant-btn-round ant-btn-default 
ant-btn-color-default ant-btn-variant-outlined"[39m
    [33mtype[39m=[32m"button"[39m
  [36m/>[39m

  Name "Delete":
  [36m<button[39m
    [33mclass[39m=[32m"ant-btn css-dev-only-do-not-override-1tzwyuk css-var-_r_2_ ant-btn-round ant-btn-primary 
ant-btn-dangerous ant-btn-color-dangerous ant-btn-variant-solid"[39m
    [33mtype[39m=[32m"button"[39m
  [36m/>[39m

  Name "Edit":
  [36m<button[39m
    [33mclass[39m=[32m"ant-btn css-dev-only-do-not-override-1tzwyuk css-var-_r_2_ ant-btn-round ant-btn-default 
ant-btn-color-default ant-btn-variant-outlined"[39m
    [33mtype[39m=[32m"button"[39m
  [36m/>[39m

  Name "Delete":
  [36m<button[39m
    [33mclass[39m=[32m"ant-btn css-dev-only-do-not-override-1tzwyuk css-var-_r_2_ ant-btn-round ant-btn-primary 
ant-btn-dangerous ant-btn-color-dangerous ant-btn-variant-solid"[39m
    [33mtype[39m=[32m"button"[39m
  [36m/>[39m

  --------------------------------------------------
  img:

  Name "reload":
  [36m<span[39m
    [33maria-label[39m=[32m"reload"[39m
    [33mclass[39m=[32m"anticon anticon-reload"[39m
    [33mrole[39m=[32m"img"[39m
  [36m/>[39m

  Name "logout":
  [36m<span[39m
    [33maria-label[39m=[32m"logout"[39m
    [33mclass[39m=[32m"anticon anticon-logout"[39m
    [33mrole[39m=[32m"img"[39m
  [36m/>[39m

  Name "plus":
  [36m<span[39m
    [33maria-label[39m=[32m"plus"[39m
    [33mclass[39m=[32m"anticon anticon-plus"[39m
    [33mrole[39m=[32m"img"[39m
  [36m/>[39m

  Name "search":
  [36m<span[39m
    [33maria-label[39m=[32m"search"[39m
    [33mclass[39m=[32m"anticon anticon-search text-muted-foreground"[39m
    [33mrole[39m=[32m"img"[39m
  [36m/>[39m

  --------------------------------------------------
  textbox:

  Name "":
  [36m<input[39m
    [33mclass[39m=[32m"ant-input ant-input-lg css-dev-only-do-not-override-1tzwyuk"[39m
    [33mplaceholder[39m=[32m"Search title or description..."[39m
    [33mtype[39m=[32m"text"[39m
    [33mvalue[39m=[32m""[39m
  [36m/>[39m

  --------------------------------------------------

Ignored nodes: comments, script, style
[36m<body>[39m
  [36m<div>[39m
    [36m<main[39m
      [33mclass[39m=[32m"min-h-screen w-full bg-[#f5f5f5] dark:bg-[#141414] px-4 py-5 sm:px-6 sm:py-8 lg:px-8 flex 
flex-col items-center"[39m
    [36m>[39m
      [36m<div[39m
        [33mclass[39m=[32m"w-full max-w-7xl flex flex-col gap-6"[39m
      [36m>[39m
        [36m<div[39m
          [33mclass[39m=[32m"ant-card shadow-sm css-dev-only-do-not-override-1tzwyuk css-var-_r_2_"[39m
        [36m>[39m
          [36m<div[39m
            [33mclass[39m=[32m"ant-card-body"[39m
          [36m>[39m
            [36m<div[39m
              [33mclass[39m=[32m"flex flex-col gap-6 lg:flex-row lg:items-end lg:justify-between"[39m
            [36m>[39m
              [36m<div[39m
                [33mclass[39m=[32m"max-w-2xl"[39m
              [36m>[39m
                [36m<span[39m
                  [33mclass[39m=[32m"ant-typography ant-typography-secondary text-xs font-semibold uppercase 
tracking-wider css-dev-only-do-not-override-1tzwyuk css-var-_r_2_"[39m
                [36m>[39m
                  [0mDashboard[0m
                [36m</span>[39m
                [36m<h2[39m
                  [33mclass[39m=[32m"ant-typography mt-3 !mb-0 text-balance css-dev-only-do-not-override-1tzwyuk 
css-var-_r_2_"[39m
                [36m>[39m
                  [0mOverview[0m
                [36m</h2>[39m
                [36m<div[39m
                  [33mclass[39m=[32m"ant-typography ant-typography-secondary mt-4 max-w-xl text-sm leading-6 
[text-wrap:pretty] sm:text-base css-dev-only-do-not-override-1tzwyuk css-var-_r_2_"[39m
                [36m>[39m
                  [0mManage your tasks, track your progress, and stay organized. All changes are saved locally to 
your browser.[0m
                [36m</div>[39m
              [36m</div>[39m
              [36m<div[39m
                [33mclass[39m=[32m"flex flex-wrap items-center gap-3"[39m
              [36m>[39m
                [36m<button[39m
                  [33mclass[39m=[32m"ant-btn css-dev-only-do-not-override-1tzwyuk css-var-_r_2_ ant-btn-round 
ant-btn-default ant-btn-color-default ant-btn-variant-outlined"[39m
                  [33mtype[39m=[32m"button"[39m
                [36m>[39m
                  [36m<span>[39m
                    [0mDark Mode[0m
                  [36m</span>[39m
                [36m</button>[39m
                [36m<button[39m
                  [33mclass[39m=[32m"ant-btn css-dev-only-do-not-override-1tzwyuk css-var-_r_2_ ant-btn-round 
ant-btn-default ant-btn-color-default ant-btn-variant-outlined"[39m
                  [33mtype[39m=[32m"button"[39m
                [36m>[39m
                  [36m<span[39m
                    [33mclass[39m=[32m"ant-btn-icon"[39m
                  [36m>[39m
                    [36m<span[39m
                      [33maria-label[39m=[32m"reload"[39m
                      [33mclass[39m=[32m"anticon anticon-reload"[39m
                      [33mrole[39m=[32m"img"[39m
                    [36m>[39m
                      [36m<svg[39m
                        [33maria-hidden[39m=[32m"true"[39m
                        [33mdata-icon[39m=[32m"reload"[39m
                        [33mfill[39m=[32m"currentColor"[39m
                        [33mfocusable[39m=[32m"false"[39m
                        [33mheight[39m=[32m"1em"[39m
                        [33mviewBox[39m=[32m"64 64 896 896"[39m
                        [33mwidth[39m=[32m"1em"[39m
                      [36m>[39m
                        [36m<path[39m
                          [33md[39m=[32m"M909.1 209.3l-56.4 44.1C775.8 155.1 656.2 92 521.9 92 290 92 102.3 279.5 
102 511.5 101.7 743.7 289.8 932 521.9 932c181.3 0 335.8-115 394.6-276.1 1.5-4.2-.7-8.9-4.9-10.3l-56.7-19.5a8 8 0 
00-10.1 4.8c-1.8 5-3.8 10-5.9 14.9-17.3 41-42.1 77.8-73.7 109.4A344.77 344.77 0 01655.9 829c-42.3 17.9-87.4 27-133.8 
27-46.5 0-91.5-9.1-133.8-27A341.5 341.5 0 01279 755.2a342.16 342.16 0 
01-73.7-109.4c-17.9-42.4-27-87.4-27-133.9s9.1-91.5 27-133.9c17.3-41 42.1-77.8 73.7-109.4 31.6-31.6 68.4-56.4 
109.3-73.8 42.3-17.9 87.4-27 133.8-27 46.5 0 91.5 9.1 133.8 27a341.5 341.5 0 01109.3 73.8c9.9 9.9 19.2 20.4 27.8 
31.4l-60.2 47a8 8 0 003 14.1l175.6 43c5 1.2 9.9-2.6 9.9-7.7l.8-180.9c-.1-6.6-7.8-10.3-13-6.2z"[39m
                        [36m/>[39m
                      [36m</svg>[39m
                    [36m</span>[39m
                  [36m</span>[39m
                  [36m<span>[39m
                    [0mRefresh[0m
                  [36m</span>[39m
                [36m</button>[39m
                [36m<button[39m
                  [33mclass[39m=[32m"ant-btn css-dev-only-do-not-override-1tzwyuk css-var-_r_2_ ant-btn-round 
ant-btn-primary ant-btn-dangerous ant-btn-color-dangerous ant-btn-variant-solid"[39m
                  [33mtype[39m=[32m"button"[39m
                [36m>[39m
                  [36m<span[39m
                    [33mclass[39m=[32m"ant-btn-icon"[39m
                  [36m>[39m
                    [36m<span[39m
                      [33maria-label[39m=[32m"logout"[39m
                      [33mclass[39m=[32m"anticon anticon-logout"[39m
                      [33mrole[39m=[32m"img"[39m
                    [36m>[39m
                      [36m<svg[39m
                        [33maria-hidden[39m=[32m"true"[39m
                        [33mdata-icon[39m=[32m"logout"[39m
                        [33mfill[39m=[32m"currentColor"[39m
                        [33mfocusable[39m=[32m"false"[39m
                        [33mheight[39m=[32m"1em"[39m
                        [33mviewBox[39m=[32m"64 64 896 896"[39m
                        [33mwidth[39m=[32m"1em"[39m
                      [36m>[39m
                        [36m<path[39m
                          [33md[39m=[32m"M868 732h-70.3c-4.8 0-9.3 2.1-12.3 5.8-7 8.5-14.5 16.7-22.4 24.5a353.84 
353.84 0 01-112.7 75.9A352.8 352.8 0 01512.4 866c-47.9 0-94.3-9.4-137.9-27.8a353.84 353.84 0 01-112.7-75.9 353.28 
353.28 0 01-76-112.5C167.3 606.2 158 559.9 158 512s9.4-94.2 27.8-137.8c17.8-42.1 43.4-80 76-112.5s70.5-58.1 
112.7-75.9c43.6-18.4 90-27.8 137.9-27.8 47.9 0 94.3 9.3 137.9 27.8 42.2 17.8 80.1 43.4 112.7 75.9 7.9 7.9 15.3 16.1 
22.4 24.5 3 3.7 7.6 5.8 12.3 5.8H868c6.3 0 10.2-7 6.7-12.3C798 160.5 663.8 81.6 511.3 82 271.7 82.6 79.6 277.1 82 
516.4 84.4 751.9 276.2 942 512.4 942c152.1 0 285.7-78.8 362.3-197.7 3.4-5.3-.4-12.3-6.7-12.3zm88.9-226.3L815 
393.7c-5.3-4.2-13-.4-13 6.3v76H488c-4.4 0-8 3.6-8 8v56c0 4.4 3.6 8 8 8h314v76c0 6.7 7.8 10.5 13 6.3l141.9-112a8 8 0 
000-12.6z"[39m
                        [36m/>[39m
                      [36m</svg>[39m
                    [36m</span>[39m
                  [36m</span>[39m
                  [36m<span>[39m
                    [0mLogout[0m
                  [36m</sp...
[90m [2m❯[22m Object.getElementError node_modules/@testing-library/dom/dist/config.js:[2m37:19[22m[39m
[90m [2m❯[22m node_modules/@testing-library/dom/dist/query-helpers.js:[2m76:38[22m[39m
[90m [2m❯[22m node_modules/@testing-library/dom/dist/query-helpers.js:[2m52:17[22m[39m
[90m [2m❯[22m node_modules/@testing-library/dom/dist/query-helpers.js:[2m95:19[22m[39m
[36m [2m❯[22m __tests__/dashboard-screen.test.tsx:[2m45:29[22m[39m
    [90m 43|[39m     [34mexpect[39m(document[33m.[39mdocumentElement[33m.[39mdataset[33m.[39mtheme)[33m.[39
m[34mtoBe[39m([32m"light"[39m)[33m;[39m
    [90m 44|[39m
    [90m 45|[39m     [35mawait[39m 
user[33m.[39m[34mclick[39m(screen[33m.[39m[34mgetByRole[39m([32m"button"[39m[33m,[39m { name[33m:[39m 
[32m"Refresh"[39m }))[33m;[39m
    [90m   |[39m                             [31m^[39m
    [90m 46|[39m
    [90m 47|[39m     [90m// Create new task flow[39m

[31m[2m⎯⎯⎯⎯⎯⎯⎯⎯⎯⎯⎯⎯⎯⎯⎯⎯⎯⎯⎯⎯⎯⎯⎯⎯[1/7]⎯[22m[39m

[41m[1m FAIL [22m[49m __tests__/dashboard-screen.test.tsx[2m > [22mDashboardScreen[2m > [22mshows form 
validation errors
[31m[1mTestingLibraryElementError[22m[39m: Unable to find an accessible element with the role "button" and name 
"Create Task"

Here are the accessible roles:

  main:

  Name "":
  [36m<main[39m
    [33mclass[39m=[32m"min-h-screen w-full bg-[#f5f5f5] dark:bg-[#141414] px-4 py-5 sm:px-6 sm:py-8 lg:px-8 flex 
flex-col items-center"[39m
  [36m/>[39m

  --------------------------------------------------
  heading:

  Name "Overview":
  [36m<h2[39m
    [33mclass[39m=[32m"ant-typography mt-3 !mb-0 text-balance css-dev-only-do-not-override-1tzwyuk 
css-var-_r_3_"[39m
  [36m/>[39m

  Name "Tasks":
  [36m<h3[39m
    [33mclass[39m=[32m"ant-typography !mb-2 css-dev-only-do-not-override-1tzwyuk css-var-_r_3_"[39m
  [36m/>[39m

  Name "":
  [36m<h3[39m
    [33mclass[39m=[32m"ant-skeleton-title"[39m
    [33mstyle[39m=[32m"width: 38%;"[39m
  [36m/>[39m

  Name "":
  [36m<h3[39m
    [33mclass[39m=[32m"ant-skeleton-title"[39m
    [33mstyle[39m=[32m"width: 38%;"[39m
  [36m/>[39m

  Name "":
  [36m<h3[39m
    [33mclass[39m=[32m"ant-skeleton-title"[39m
    [33mstyle[39m=[32m"width: 38%;"[39m
  [36m/>[39m

  --------------------------------------------------
  button:

  Name "Dark Mode":
  [36m<button[39m
    [33mclass[39m=[32m"ant-btn css-dev-only-do-not-override-1tzwyuk css-var-_r_3_ ant-btn-round ant-btn-default 
ant-btn-color-default ant-btn-variant-outlined"[39m
    [33mtype[39m=[32m"button"[39m
  [36m/>[39m

  Name "reload Refresh":
  [36m<button[39m
    [33mclass[39m=[32m"ant-btn css-dev-only-do-not-override-1tzwyuk css-var-_r_3_ ant-btn-round ant-btn-default 
ant-btn-color-default ant-btn-variant-outlined"[39m
    [33mtype[39m=[32m"button"[39m
  [36m/>[39m

  Name "logout Logout":
  [36m<button[39m
    [33mclass[39m=[32m"ant-btn css-dev-only-do-not-override-1tzwyuk css-var-_r_3_ ant-btn-round ant-btn-primary 
ant-btn-dangerous ant-btn-color-dangerous ant-btn-variant-solid"[39m
    [33mtype[39m=[32m"button"[39m
  [36m/>[39m

  Name "plus Create Task":
  [36m<button[39m
    [33mclass[39m=[32m"ant-btn css-dev-only-do-not-override-1tzwyuk css-var-_r_3_ ant-btn-primary 
ant-btn-color-primary ant-btn-variant-solid ant-btn-lg rounded-lg font-semibold"[39m
    [33mtype[39m=[32m"button"[39m
  [36m/>[39m

  Name "All tasks":
  [36m<button[39m
    [33mclass[39m=[32m"ant-btn css-dev-only-do-not-override-1tzwyuk css-var-_r_3_ ant-btn-primary 
ant-btn-color-primary ant-btn-variant-solid ant-btn-lg ant-btn-compact-item ant-btn-compact-first-item"[39m
    [33mtype[39m=[32m"button"[39m
  [36m/>[39m

  Name "To do":
  [36m<button[39m
    [33mclass[39m=[32m"ant-btn css-dev-only-do-not-override-1tzwyuk css-var-_r_3_ ant-btn-default 
ant-btn-color-default ant-btn-variant-outlined ant-btn-lg ant-btn-compact-item"[39m
    [33mtype[39m=[32m"button"[39m
  [36m/>[39m

  Name "In progress":
  [36m<button[39m
    [33mclass[39m=[32m"ant-btn css-dev-only-do-not-override-1tzwyuk css-var-_r_3_ ant-btn-default 
ant-btn-color-default ant-btn-variant-outlined ant-btn-lg ant-btn-compact-item"[39m
    [33mtype[39m=[32m"button"[39m
  [36m/>[39m

  Name "Done":
  [36m<button[39m
    [33mclass[39m=[32m"ant-btn css-dev-only-do-not-override-1tzwyuk css-var-_r_3_ ant-btn-default 
ant-btn-color-default ant-btn-variant-outlined ant-btn-lg ant-btn-compact-item ant-btn-compact-last-item"[39m
    [33mtype[39m=[32m"button"[39m
  [36m/>[39m

  --------------------------------------------------
  img:

  Name "reload":
  [36m<span[39m
    [33maria-label[39m=[32m"reload"[39m
    [33mclass[39m=[32m"anticon anticon-reload"[39m
    [33mrole[39m=[32m"img"[39m
  [36m/>[39m

  Name "logout":
  [36m<span[39m
    [33maria-label[39m=[32m"logout"[39m
    [33mclass[39m=[32m"anticon anticon-logout"[39m
    [33mrole[39m=[32m"img"[39m
  [36m/>[39m

  Name "plus":
  [36m<span[39m
    [33maria-label[39m=[32m"plus"[39m
    [33mclass[39m=[32m"anticon anticon-plus"[39m
    [33mrole[39m=[32m"img"[39m
  [36m/>[39m

  Name "search":
  [36m<span[39m
    [33maria-label[39m=[32m"search"[39m
    [33mclass[39m=[32m"anticon anticon-search text-muted-foreground"[39m
    [33mrole[39m=[32m"img"[39m
  [36m/>[39m

  --------------------------------------------------
  textbox:

  Name "":
  [36m<input[39m
    [33mclass[39m=[32m"ant-input ant-input-lg css-dev-only-do-not-override-1tzwyuk"[39m
    [33mplaceholder[39m=[32m"Search title or description..."[39m
    [33mtype[39m=[32m"text"[39m
    [33mvalue[39m=[32m""[39m
  [36m/>[39m

  --------------------------------------------------
  list:

  Name "":
  [36m<ul[39m
    [33mclass[39m=[32m"ant-skeleton-paragraph"[39m
  [36m/>[39m

  Name "":
  [36m<ul[39m
    [33mclass[39m=[32m"ant-skeleton-paragraph"[39m
  [36m/>[39m

  Name "":
  [36m<ul[39m
    [33mclass[39m=[32m"ant-skeleton-paragraph"[39m
  [36m/>[39m

  --------------------------------------------------
  listitem:

  Name "":
  [36m<li />[39m

  Name "":
  [36m<li[39m
    [33mstyle[39m=[32m"width: 61%;"[39m
  [36m/>[39m

  Name "":
  [36m<li />[39m

  Name "":
  [36m<li[39m
    [33mstyle[39m=[32m"width: 61%;"[39m
  [36m/>[39m

  Name "":
  [36m<li />[39m

  Name "":
  [36m<li[39m
    [33mstyle[39m=[32m"width: 61%;"[39m
  [36m/>[39m

  --------------------------------------------------

Ignored nodes: comments, script, style
[36m<body>[39m
  [36m<div>[39m
    [36m<main[39m
      [33mclass[39m=[32m"min-h-screen w-full bg-[#f5f5f5] dark:bg-[#141414] px-4 py-5 sm:px-6 sm:py-8 lg:px-8 flex 
flex-col items-center"[39m
    [36m>[39m
      [36m<div[39m
        [33mclass[39m=[32m"w-full max-w-7xl flex flex-col gap-6"[39m
      [36m>[39m
        [36m<div[39m
          [33mclass[39m=[32m"ant-card shadow-sm css-dev-only-do-not-override-1tzwyuk css-var-_r_3_"[39m
        [36m>[39m
          [36m<div[39m
            [33mclass[39m=[32m"ant-card-body"[39m
          [36m>[39m
            [36m<div[39m
              [33mclass[39m=[32m"flex flex-col gap-6 lg:flex-row lg:items-end lg:justify-between"[39m
            [36m>[39m
              [36m<div[39m
                [33mclass[39m=[32m"max-w-2xl"[39m
              [36m>[39m
                [36m<span[39m
                  [33mclass[39m=[32m"ant-typography ant-typography-secondary text-xs font-semibold uppercase 
tracking-wider css-dev-only-do-not-override-1tzwyuk css-var-_r_3_"[39m
                [36m>[39m
                  [0mDashboard[0m
                [36m</span>[39m
                [36m<h2[39m
                  [33mclass[39m=[32m"ant-typography mt-3 !mb-0 text-balance css-dev-only-do-not-override-1tzwyuk 
css-var-_r_3_"[39m
                [36m>[39m
                  [0mOverview[0m
                [36m</h2>[39m
                [36m<div[39m
                  [33mclass[39m=[32m"ant-typography ant-typography-secondary mt-4 max-w-xl text-sm leading-6 
[text-wrap:pretty] sm:text-base css-dev-only-do-not-override-1tzwyuk css-var-_r_3_"[39m
                [36m>[39m
                  [0mManage your tasks, track your progress, and stay organized. All changes are saved locally to 
your browser.[0m
                [36m</div>[39m
              [36m</div>[39m
              [36m<div[39m
                [33mclass[39m=[32m"flex flex-wrap items-center gap-3"[39m
              [36m>[39m
                [36m<button[39m
                  [33mclass[39m=[32m"ant-btn css-dev-only-do-not-override-1tzwyuk css-var-_r_3_ ant-btn-round 
ant-btn-default ant-btn-color-default ant-btn-variant-outlined"[39m
                  [33mtype[39m=[32m"button"[39m
                [36m>[39m
                  [36m<span>[39m
                    [0mDark Mode[0m
                  [36m</span>[39m
                [36m</button>[39m
                [36m<button[39m
                  [33mclass[39m=[32m"ant-btn css-dev-only-do-not-override-1tzwyuk css-var-_r_3_ ant-btn-round 
ant-btn-default ant-btn-color-default ant-btn-variant-outlined"[39m
                  [33mtype[39m=[32m"button"[39m
                [36m>[39m
                  [36m<span[39m
                    [33mclass[39m=[32m"ant-btn-icon"[39m
                  [36m>[39m
                    [36m<span[39m
                      [33maria-label[39m=[32m"reload"[39m
                      [33mclass[39m=[32m"anticon anticon-reload"[39m
                      [33mrole[39m=[32m"img"[39m
                    [36m>[39m
                      [36m<svg[39m
                        [33maria-hidden[39m=[32m"true"[39m
                        [33mdata-icon[39m=[32m"reload"[39m
                        [33mfill[39m=[32m"currentColor"[39m
                        [33mfocusable[39m=[32m"false"[39m
                        [33mheight[39m=[32m"1em"[39m
                        [33mviewBox[39m=[32m"64 64 896 896"[39m
                        [33mwidth[39m=[32m"1em"[39m
                      [36m>[39m
                        [36m<path[39m
                          [33md[39m=[32m"M909.1 209.3l-56.4 44.1C775.8 155.1 656.2 92 521.9 92 290 92 102.3 279.5 
102 511.5 101.7 743.7 289.8 932 521.9 932c181.3 0 335.8-115 394.6-276.1 1.5-4.2-.7-8.9-4.9-10.3l-56.7-19.5a8 8 0 
00-10.1 4.8c-1.8 5-3.8 10-5.9 14.9-17.3 41-42.1 77.8-73.7 109.4A344.77 344.77 0 01655.9 829c-42.3 17.9-87.4 27-133.8 
27-46.5 0-91.5-9.1-133.8-27A341.5 341.5 0 01279 755.2a342.16 342.16 0 
01-73.7-109.4c-17.9-42.4-27-87.4-27-133.9s9.1-91.5 27-133.9c17.3-41 42.1-77.8 73.7-109.4 31.6-31.6 68.4-56.4 
109.3-73.8 42.3-17.9 87.4-27 133.8-27 46.5 0 91.5 9.1 133.8 27a341.5 341.5 0 01109.3 73.8c9.9 9.9 19.2 20.4 27.8 
31.4l-60.2 47a8 8 0 003 14.1l175.6 43c5 1.2 9.9-2.6 9.9-7.7l.8-180.9c-.1-6.6-7.8-10.3-13-6.2z"[39m
                        [36m/>[39m
                      [36m</svg>[39m
                    [36m</span>[39m
                  [36m</span>[39m
                  [36m<span>[39m
                    [0mRefresh[0m
                  [36m</span>[39m
                [36m</button>[39m
                [36m<button[39m
                  [33mclass[39m=[32m"ant-btn css-dev-only-do-not-override-1tzwyuk css-var-_r_3_ ant-btn-round 
ant-btn-primary ant-btn-dangerous ant-btn-color-dangerous ant-btn-variant-solid"[39m
                  [33mtype[39m=[32m"button"[39m
                [36m>[39m
                  [36m<span[39m
                    [33mclass[39m=[32m"ant-btn-icon"[39m
                  [36m>[39m
                    [36m<span[39m
                      [33maria-label[39m=[32m"logout"[39m
                      [33mclass[39m=[32m"anticon anticon-logout"[39m
                      [33mrole[39m=[32m"img"[39m
                    [36m>[39m
                      [36m<svg[39m
                        [33maria-hidden[39m=[32m"true"[39m
                        [33mdata-icon[39m=[32m"logout"[39m
                        [33mfill[39m=[32m"currentColor"[39m
                        [33mfocusable[39m=[32m"false"[39m
                        [33mheight[39m=[32m"1em"[39m
                        [33mviewBox[39m=[32m"64 64 896 896"[39m
                        [33mwidth[39m=[32m"1em"[39m
                      [36m>[39m
                        [36m<path[39m
                          [33md[39m=[32m"M868 732h-70.3c-4.8 0-9.3 2.1-12.3 5.8-7 8.5-14.5 16.7-22.4 24.5a353.84 
353.84 0 01-112.7 75.9A352.8 352.8 0 01512.4 866c-47.9 0-94.3-9.4-137.9-27.8a353.84 353.84 0 01-112.7-75.9 353.28 
353.28 0 01-76-112.5C167.3 606.2 158 559.9 158 512s9.4-94.2 27.8-137.8c17.8-42.1 43.4-80 76-112.5s70.5-58.1 
112.7-75.9c43.6-18.4 90-27.8 137.9-27.8 47.9 0 94.3 9.3 137.9 27.8 42.2 17.8 80.1 43.4 112.7 75.9 7.9 7.9 15.3 16.1 
22.4 24.5 3 3.7 7.6 5.8 12.3 5.8H868c6.3 0 10.2-7 6.7-12.3C798 160.5 663.8 81.6 511.3 82 271.7 82.6 79.6 277.1 82 
516.4 84.4 751.9 276.2 942 512.4 942c152.1 0 285.7-78.8 362.3-197.7 3.4-5.3-.4-12.3-6.7-12.3zm88.9-226.3L815 
393.7c-5.3-4.2-13-.4-13 6.3v76H488c-4.4 0-8 3.6-8 8v56c0 4.4 3.6 8 8 8h314v76c0 6.7 7.8 10.5 13 6.3l141.9-112a8 8 0 
000-12.6z"[39m
                        [36m/>[39m
                      [36m</svg>[39m
                    [36m</span>[39m
                  [36m</span>[39m
                  [36m<span>[39m
                    [0mLogout[0m
                  [36m</sp...
[90m [2m❯[22m Object.getElementError node_modules/@testing-library/dom/dist/config.js:[2m37:19[22m[39m
[90m [2m❯[22m node_modules/@testing-library/dom/dist/query-helpers.js:[2m76:38[22m[39m
[90m [2m❯[22m node_modules/@testing-library/dom/dist/query-helpers.js:[2m52:17[22m[39m
[90m [2m❯[22m node_modules/@testing-library/dom/dist/query-helpers.js:[2m95:19[22m[39m
[36m [2m❯[22m __tests__/dashboard-screen.test.tsx:[2m125:29[22m[39m
    [90m123|[39m
    [90m124|[39m     [90m// Open create modal[39m
    [90m125|[39m     await user.click(screen.getByRole("button", { name: "Create Task" …
    [90m   |[39m                             [31m^[39m
    [90m126|[39m     [35mawait[39m [34mwaitFor[39m(() [33m=>[39m {
    [90m127|[39m       [34mexpect[39m(screen[33m.[39m[34mgetByLabelText[39m([32m"Title"[39m))[33m.[39m[34m
toBeInTheDocument[39m()[33m;[39m

[31m[2m⎯⎯⎯⎯⎯⎯⎯⎯⎯⎯⎯⎯⎯⎯⎯⎯⎯⎯⎯⎯⎯⎯⎯⎯[2/7]⎯[22m[39m

[41m[1m FAIL [22m[49m __tests__/dashboard-screen.test.tsx[2m > [22mDashboardScreen[2m > [22mkeeps the editor 
open and shows a dismissible alert when save fails
[31m[1mTestingLibraryElementError[22m[39m: Unable to find an accessible element with the role "button" and name 
"Create Task"

Here are the accessible roles:

  main:

  Name "":
  [36m<main[39m
    [33mclass[39m=[32m"min-h-screen w-full bg-[#f5f5f5] dark:bg-[#141414] px-4 py-5 sm:px-6 sm:py-8 lg:px-8 flex 
flex-col items-center"[39m
  [36m/>[39m

  --------------------------------------------------
  heading:

  Name "Overview":
  [36m<h2[39m
    [33mclass[39m=[32m"ant-typography mt-3 !mb-0 text-balance css-dev-only-do-not-override-1tzwyuk 
css-var-_r_5_"[39m
  [36m/>[39m

  Name "Tasks":
  [36m<h3[39m
    [33mclass[39m=[32m"ant-typography !mb-2 css-dev-only-do-not-override-1tzwyuk css-var-_r_5_"[39m
  [36m/>[39m

  Name "":
  [36m<h3[39m
    [33mclass[39m=[32m"ant-skeleton-title"[39m
    [33mstyle[39m=[32m"width: 38%;"[39m
  [36m/>[39m

  Name "":
  [36m<h3[39m
    [33mclass[39m=[32m"ant-skeleton-title"[39m
    [33mstyle[39m=[32m"width: 38%;"[39m
  [36m/>[39m

  Name "":
  [36m<h3[39m
    [33mclass[39m=[32m"ant-skeleton-title"[39m
    [33mstyle[39m=[32m"width: 38%;"[39m
  [36m/>[39m

  Name "Finalize onboarding flow copy":
  [36m<h4[39m
    [33mclass[39m=[32m"ant-typography mt-4 !mb-2 text-balance css-dev-only-do-not-override-1tzwyuk 
css-var-_r_5_"[39m
  [36m/>[39m

  Name "Prepare weekly stakeholder summary":
  [36m<h4[39m
    [33mclass[39m=[32m"ant-typography mt-4 !mb-2 text-balance css-dev-only-do-not-override-1tzwyuk 
css-var-_r_5_"[39m
  [36m/>[39m

  Name "Archive resolved support escalations":
  [36m<h4[39m
    [33mclass[39m=[32m"ant-typography mt-4 !mb-2 text-balance css-dev-only-do-not-override-1tzwyuk 
css-var-_r_5_"[39m
  [36m/>[39m

  --------------------------------------------------
  button:

  Name "Dark Mode":
  [36m<button[39m
    [33mclass[39m=[32m"ant-btn css-dev-only-do-not-override-1tzwyuk css-var-_r_5_ ant-btn-round ant-btn-default 
ant-btn-color-default ant-btn-variant-outlined"[39m
    [33mtype[39m=[32m"button"[39m
  [36m/>[39m

  Name "reload Refresh":
  [36m<button[39m
    [33mclass[39m=[32m"ant-btn css-dev-only-do-not-override-1tzwyuk css-var-_r_5_ ant-btn-round ant-btn-default 
ant-btn-color-default ant-btn-variant-outlined"[39m
    [33mtype[39m=[32m"button"[39m
  [36m/>[39m

  Name "logout Logout":
  [36m<button[39m
    [33mclass[39m=[32m"ant-btn css-dev-only-do-not-override-1tzwyuk css-var-_r_5_ ant-btn-round ant-btn-primary 
ant-btn-dangerous ant-btn-color-dangerous ant-btn-variant-solid"[39m
    [33mtype[39m=[32m"button"[39m
  [36m/>[39m

  Name "plus Create Task":
  [36m<button[39m
    [33mclass[39m=[32m"ant-btn css-dev-only-do-not-override-1tzwyuk css-var-_r_5_ ant-btn-primary 
ant-btn-color-primary ant-btn-variant-solid ant-btn-lg rounded-lg font-semibold"[39m
    [33mtype[39m=[32m"button"[39m
  [36m/>[39m

  Name "All tasks":
  [36m<button[39m
    [33mclass[39m=[32m"ant-btn css-dev-only-do-not-override-1tzwyuk css-var-_r_5_ ant-btn-primary 
ant-btn-color-primary ant-btn-variant-solid ant-btn-lg ant-btn-compact-item ant-btn-compact-first-item"[39m
    [33mtype[39m=[32m"button"[39m
  [36m/>[39m

  Name "To do":
  [36m<button[39m
    [33mclass[39m=[32m"ant-btn css-dev-only-do-not-override-1tzwyuk css-var-_r_5_ ant-btn-default 
ant-btn-color-default ant-btn-variant-outlined ant-btn-lg ant-btn-compact-item"[39m
    [33mtype[39m=[32m"button"[39m
  [36m/>[39m

  Name "In progress":
  [36m<button[39m
    [33mclass[39m=[32m"ant-btn css-dev-only-do-not-override-1tzwyuk css-var-_r_5_ ant-btn-default 
ant-btn-color-default ant-btn-variant-outlined ant-btn-lg ant-btn-compact-item"[39m
    [33mtype[39m=[32m"button"[39m
  [36m/>[39m

  Name "Done":
  [36m<button[39m
    [33mclass[39m=[32m"ant-btn css-dev-only-do-not-override-1tzwyuk css-var-_r_5_ ant-btn-default 
ant-btn-color-default ant-btn-variant-outlined ant-btn-lg ant-btn-compact-item ant-btn-compact-last-item"[39m
    [33mtype[39m=[32m"button"[39m
  [36m/>[39m

  Name "Edit":
  [36m<button[39m
    [33mclass[39m=[32m"ant-btn css-dev-only-do-not-override-1tzwyuk css-var-_r_5_ ant-btn-round ant-btn-default 
ant-btn-color-default ant-btn-variant-outlined"[39m
    [33mtype[39m=[32m"button"[39m
  [36m/>[39m

  Name "Delete":
  [36m<button[39m
    [33mclass[39m=[32m"ant-btn css-dev-only-do-not-override-1tzwyuk css-var-_r_5_ ant-btn-round ant-btn-primary 
ant-btn-dangerous ant-btn-color-dangerous ant-btn-variant-solid"[39m
    [33mtype[39m=[32m"button"[39m
  [36m/>[39m

  Name "Edit":
  [36m<button[39m
    [33mclass[39m=[32m"ant-btn css-dev-only-do-not-override-1tzwyuk css-var-_r_5_ ant-btn-round ant-btn-default 
ant-btn-color-default ant-btn-variant-outlined"[39m
    [33mtype[39m=[32m"button"[39m
  [36m/>[39m

  Name "Delete":
  [36m<button[39m
    [33mclass[39m=[32m"ant-btn css-dev-only-do-not-override-1tzwyuk css-var-_r_5_ ant-btn-round ant-btn-primary 
ant-btn-dangerous ant-btn-color-dangerous ant-btn-variant-solid"[39m
    [33mtype[39m=[32m"button"[39m
  [36m/>[39m

  Name "Edit":
  [36m<button[39m
    [33mclass[39m=[32m"ant-btn css-dev-only-do-not-override-1tzwyuk css-var-_r_5_ ant-btn-round ant-btn-default 
ant-btn-color-default ant-btn-variant-outlined"[39m
    [33mtype[39m=[32m"button"[39m
  [36m/>[39m

  Name "Delete":
  [36m<button[39m
    [33mclass[39m=[32m"ant-btn css-dev-only-do-not-override-1tzwyuk css-var-_r_5_ ant-btn-round ant-btn-primary 
ant-btn-dangerous ant-btn-color-dangerous ant-btn-variant-solid"[39m
    [33mtype[39m=[32m"button"[39m
  [36m/>[39m

  --------------------------------------------------
  img:

  Name "reload":
  [36m<span[39m
    [33maria-label[39m=[32m"reload"[39m
    [33mclass[39m=[32m"anticon anticon-reload"[39m
    [33mrole[39m=[32m"img"[39m
  [36m/>[39m

  Name "logout":
  [36m<span[39m
    [33maria-label[39m=[32m"logout"[39m
    [33mclass[39m=[32m"anticon anticon-logout"[39m
    [33mrole[39m=[32m"img"[39m
  [36m/>[39m

  Name "plus":
  [36m<span[39m
    [33maria-label[39m=[32m"plus"[39m
    [33mclass[39m=[32m"anticon anticon-plus"[39m
    [33mrole[39m=[32m"img"[39m
  [36m/>[39m

  Name "search":
  [36m<span[39m
    [33maria-label[39m=[32m"search"[39m
    [33mclass[39m=[32m"anticon anticon-search text-muted-foreground"[39m
    [33mrole[39m=[32m"img"[39m
  [36m/>[39m

  --------------------------------------------------
  textbox:

  Name "":
  [36m<input[39m
    [33mclass[39m=[32m"ant-input ant-input-lg css-dev-only-do-not-override-1tzwyuk"[39m
    [33mplaceholder[39m=[32m"Search title or description..."[39m
    [33mtype[39m=[32m"text"[39m
    [33mvalue[39m=[32m""[39m
  [36m/>[39m

  --------------------------------------------------
  list:

  Name "":
  [36m<ul[39m
    [33mclass[39m=[32m"ant-skeleton-paragraph"[39m
  [36m/>[39m

  Name "":
  [36m<ul[39m
    [33mclass[39m=[32m"ant-skeleton-paragraph"[39m
  [36m/>[39m

  Name "":
  [36m<ul[39m
    [33mclass[39m=[32m"ant-skeleton-paragraph"[39m
  [36m/>[39m

  --------------------------------------------------
  listitem:

  Name "":
  [36m<li />[39m

  Name "":
  [36m<li[39m
    [33mstyle[39m=[32m"width: 61%;"[39m
  [36m/>[39m

  Name "":
  [36m<li />[39m

  Name "":
  [36m<li[39m
    [33mstyle[39m=[32m"width: 61%;"[39m
  [36m/>[39m

  Name "":
  [36m<li />[39m

  Name "":
  [36m<li[39m
    [33mstyle[39m=[32m"width: 61%;"[39m
  [36m/>[39m

  --------------------------------------------------

Ignored nodes: comments, script, style
[36m<body>[39m
  [36m<div>[39m
    [36m<main[39m
      [33mclass[39m=[32m"min-h-screen w-full bg-[#f5f5f5] dark:bg-[#141414] px-4 py-5 sm:px-6 sm:py-8 lg:px-8 flex 
flex-col items-center"[39m
    [36m>[39m
      [36m<div[39m
        [33mclass[39m=[32m"w-full max-w-7xl flex flex-col gap-6"[39m
      [36m>[39m
        [36m<div[39m
          [33mclass[39m=[32m"ant-card shadow-sm css-dev-only-do-not-override-1tzwyuk css-var-_r_5_"[39m
        [36m>[39m
          [36m<div[39m
            [33mclass[39m=[32m"ant-card-body"[39m
          [36m>[39m
            [36m<div[39m
              [33mclass[39m=[32m"flex flex-col gap-6 lg:flex-row lg:items-end lg:justify-between"[39m
            [36m>[39m
              [36m<div[39m
                [33mclass[39m=[32m"max-w-2xl"[39m
              [36m>[39m
                [36m<span[39m
                  [33mclass[39m=[32m"ant-typography ant-typography-secondary text-xs font-semibold uppercase 
tracking-wider css-dev-only-do-not-override-1tzwyuk css-var-_r_5_"[39m
                [36m>[39m
                  [0mDashboard[0m
                [36m</span>[39m
                [36m<h2[39m
                  [33mclass[39m=[32m"ant-typography mt-3 !mb-0 text-balance css-dev-only-do-not-override-1tzwyuk 
css-var-_r_5_"[39m
                [36m>[39m
                  [0mOverview[0m
                [36m</h2>[39m
                [36m<div[39m
                  [33mclass[39m=[32m"ant-typography ant-typography-secondary mt-4 max-w-xl text-sm leading-6 
[text-wrap:pretty] sm:text-base css-dev-only-do-not-override-1tzwyuk css-var-_r_5_"[39m
                [36m>[39m
                  [0mManage your tasks, track your progress, and stay organized. All changes are saved locally to 
your browser.[0m
                [36m</div>[39m
              [36m</div>[39m
              [36m<div[39m
                [33mclass[39m=[32m"flex flex-wrap items-center gap-3"[39m
              [36m>[39m
                [36m<button[39m
                  [33mclass[39m=[32m"ant-btn css-dev-only-do-not-override-1tzwyuk css-var-_r_5_ ant-btn-round 
ant-btn-default ant-btn-color-default ant-btn-variant-outlined"[39m
                  [33mtype[39m=[32m"button"[39m
                [36m>[39m
                  [36m<span>[39m
                    [0mDark Mode[0m
                  [36m</span>[39m
                [36m</button>[39m
                [36m<button[39m
                  [33mclass[39m=[32m"ant-btn css-dev-only-do-not-override-1tzwyuk css-var-_r_5_ ant-btn-round 
ant-btn-default ant-btn-color-default ant-btn-variant-outlined"[39m
                  [33mtype[39m=[32m"button"[39m
                [36m>[39m
                  [36m<span[39m
                    [33mclass[39m=[32m"ant-btn-icon"[39m
                  [36m>[39m
                    [36m<span[39m
                      [33maria-label[39m=[32m"reload"[39m
                      [33mclass[39m=[32m"anticon anticon-reload"[39m
                      [33mrole[39m=[32m"img"[39m
                    [36m>[39m
                      [36m<svg[39m
                        [33maria-hidden[39m=[32m"true"[39m
                        [33mdata-icon[39m=[32m"reload"[39m
                        [33mfill[39m=[32m"currentColor"[39m
                        [33mfocusable[39m=[32m"false"[39m
                        [33mheight[39m=[32m"1em"[39m
                        [33mviewBox[39m=[32m"64 64 896 896"[39m
                        [33mwidth[39m=[32m"1em"[39m
                      [36m>[39m
                        [36m<path[39m
                          [33md[39m=[32m"M909.1 209.3l-56.4 44.1C775.8 155.1 656.2 92 521.9 92 290 92 102.3 279.5 
102 511.5 101.7 743.7 289.8 932 521.9 932c181.3 0 335.8-115 394.6-276.1 1.5-4.2-.7-8.9-4.9-10.3l-56.7-19.5a8 8 0 
00-10.1 4.8c-1.8 5-3.8 10-5.9 14.9-17.3 41-42.1 77.8-73.7 109.4A344.77 344.77 0 01655.9 829c-42.3 17.9-87.4 27-133.8 
27-46.5 0-91.5-9.1-133.8-27A341.5 341.5 0 01279 755.2a342.16 342.16 0 
01-73.7-109.4c-17.9-42.4-27-87.4-27-133.9s9.1-91.5 27-133.9c17.3-41 42.1-77.8 73.7-109.4 31.6-31.6 68.4-56.4 
109.3-73.8 42.3-17.9 87.4-27 133.8-27 46.5 0 91.5 9.1 133.8 27a341.5 341.5 0 01109.3 73.8c9.9 9.9 19.2 20.4 27.8 
31.4l-60.2 47a8 8 0 003 14.1l175.6 43c5 1.2 9.9-2.6 9.9-7.7l.8-180.9c-.1-6.6-7.8-10.3-13-6.2z"[39m
                        [36m/>[39m
                      [36m</svg>[39m
                    [36m</span>[39m
                  [36m</span>[39m
                  [36m<span>[39m
                    [0mRefresh[0m
                  [36m</span>[39m
                [36m</button>[39m
                [36m<button[39m
                  [33mclass[39m=[32m"ant-btn css-dev-only-do-not-override-1tzwyuk css-var-_r_5_ ant-btn-round 
ant-btn-primary ant-btn-dangerous ant-btn-color-dangerous ant-btn-variant-solid"[39m
                  [33mtype[39m=[32m"button"[39m
                [36m>[39m
                  [36m<span[39m
                    [33mclass[39m=[32m"ant-btn-icon"[39m
                  [36m>[39m
                    [36m<span[39m
                      [33maria-label[39m=[32m"logout"[39m
                      [33mclass[39m=[32m"anticon anticon-logout"[39m
                      [33mrole[39m=[32m"img"[39m
                    [36m>[39m
                      [36m<svg[39m
                        [33maria-hidden[39m=[32m"true"[39m
                        [33mdata-icon[39m=[32m"logout"[39m
                        [33mfill[39m=[32m"currentColor"[39m
                        [33mfocusable[39m=[32m"false"[39m
                        [33mheight[39m=[32m"1em"[39m
                        [33mviewBox[39m=[32m"64 64 896 896"[39m
                        [33mwidth[39m=[32m"1em"[39m
                      [36m>[39m
                        [36m<path[39m
                          [33md[39m=[32m"M868 732h-70.3c-4.8 0-9.3 2.1-12.3 5.8-7 8.5-14.5 16.7-22.4 24.5a353.84 
353.84 0 01-112.7 75.9A352.8 352.8 0 01512.4 866c-47.9 0-94.3-9.4-137.9-27.8a353.84 353.84 0 01-112.7-75.9 353.28 
353.28 0 01-76-112.5C167.3 606.2 158 559.9 158 512s9.4-94.2 27.8-137.8c17.8-42.1 43.4-80 76-112.5s70.5-58.1 
112.7-75.9c43.6-18.4 90-27.8 137.9-27.8 47.9 0 94.3 9.3 137.9 27.8 42.2 17.8 80.1 43.4 112.7 75.9 7.9 7.9 15.3 16.1 
22.4 24.5 3 3.7 7.6 5.8 12.3 5.8H868c6.3 0 10.2-7 6.7-12.3C798 160.5 663.8 81.6 511.3 82 271.7 82.6 79.6 277.1 82 
516.4 84.4 751.9 276.2 942 512.4 942c152.1 0 285.7-78.8 362.3-197.7 3.4-5.3-.4-12.3-6.7-12.3zm88.9-226.3L815 
393.7c-5.3-4.2-13-.4-13 6.3v76H488c-4.4 0-8 3.6-8 8v56c0 4.4 3.6 8 8 8h314v76c0 6.7 7.8 10.5 13 6.3l141.9-112a8 8 0 
000-12.6z"[39m
                        [36m/>[39m
                      [36m</svg>[39m
                    [36m</span>[39m
                  [36m</span>[39m
                  [36m<span>[39m
                    [0mLogout[0m
                  [36m</sp...
[90m [2m❯[22m Object.getElementError node_modules/@testing-library/dom/dist/config.js:[2m37:19[22m[39m
[90m [2m❯[22m node_modules/@testing-library/dom/dist/query-helpers.js:[2m76:38[22m[39m
[90m [2m❯[22m node_modules/@testing-library/dom/dist/query-helpers.js:[2m52:17[22m[39m
[90m [2m❯[22m node_modules/@testing-library/dom/dist/query-helpers.js:[2m95:19[22m[39m
[36m [2m❯[22m __tests__/dashboard-screen.test.tsx:[2m160:29[22m[39m
    [90m158|[39m
    [90m159|[39m     [90m// Open create modal[39m
    [90m160|[39m     await user.click(screen.getByRole("button", { name: "Create Task" …
    [90m   |[39m                             [31m^[39m
    [90m161|[39m     [35mawait[39m [34mwaitFor[39m(() [33m=>[39m {
    [90m162|[39m       [34mexpect[39m(screen[33m.[39m[34mgetByLabelText[39m([32m"Title"[39m))[33m.[39m[34m
toBeInTheDocument[39m()[33m;[39m

[31m[2m⎯⎯⎯⎯⎯⎯⎯⎯⎯⎯⎯⎯⎯⎯⎯⎯⎯⎯⎯⎯⎯⎯⎯⎯[3/7]⎯[22m[39m

[41m[1m FAIL [22m[49m __tests__/login-screen.test.tsx[2m > [22mLoginScreen[2m > [22mshows auth errors and 
completes a successful login
[31m[1mError[22m: Test timed out in 5000ms.
If this is a long-running test, pass a timeout value as the last argument or configure it globally with 
"testTimeout".[39m
[36m [2m❯[22m __tests__/login-screen.test.tsx:[2m40:3[22m[39m
    [90m 38|[39m   })[33m;[39m
    [90m 39|[39m
    [90m 40|[39m   it("shows auth errors and completes a successful login", async () =>…
    [90m   |[39m   [31m^[39m
    [90m 41|[39m     [35mconst[39m user [33m=[39m userEvent[33m.[39m[34msetup[39m()[33m;[39m
    [90m 42|[39m

[31m[2m⎯⎯⎯⎯⎯⎯⎯⎯⎯⎯⎯⎯⎯⎯⎯⎯⎯⎯⎯⎯⎯⎯⎯⎯[4/7]⎯[22m[39m

[41m[1m FAIL [22m[49m __tests__/task-card.test.tsx[2m > [22mTaskCard[2m > [22mdisables deletion while removing 
a task
[31m[1mTestingLibraryElementError[22m[39m: Unable to find an accessible element with the role "button" and name 
"Delete"

Here are the accessible roles:

  heading:

  Name "Draft release note":
  [36m<h4[39m
    [33mclass[39m=[32m"ant-typography mt-4 !mb-2 text-balance css-dev-only-do-not-override-1tzwyuk 
css-var-root"[39m
  [36m/>[39m

  --------------------------------------------------
  button:

  Name "Edit":
  [36m<button[39m
    [33mclass[39m=[32m"ant-btn css-dev-only-do-not-override-1tzwyuk css-var-root ant-btn-round ant-btn-default 
ant-btn-color-default ant-btn-variant-outlined"[39m
    [33mtype[39m=[32m"button"[39m
  [36m/>[39m

  Name "loading Delete":
  [36m<button[39m
    [33mclass[39m=[32m"ant-btn css-dev-only-do-not-override-1tzwyuk css-var-root ant-btn-round ant-btn-primary 
ant-btn-dangerous ant-btn-color-dangerous ant-btn-variant-solid ant-btn-loading"[39m
    [33mtype[39m=[32m"button"[39m
  [36m/>[39m

  --------------------------------------------------
  img:

  Name "loading":
  [36m<span[39m
    [33maria-label[39m=[32m"loading"[39m
    [33mclass[39m=[32m"anticon anticon-loading anticon-spin"[39m
    [33mrole[39m=[32m"img"[39m
  [36m/>[39m

  --------------------------------------------------

Ignored nodes: comments, script, style
[36m<body>[39m
  [36m<div>[39m
    [36m<div[39m
      [33mclass[39m=[32m"ant-card shadow-sm mb-4 bg-muted/20 hover:bg-muted/30 transition-colors 
css-dev-only-do-not-override-1tzwyuk css-var-root"[39m
    [36m>[39m
      [36m<div[39m
        [33mclass[39m=[32m"ant-card-body"[39m
      [36m>[39m
        [36m<div[39m
          [33mclass[39m=[32m"flex flex-col gap-4 lg:flex-row lg:items-start lg:justify-between"[39m
        [36m>[39m
          [36m<div[39m
            [33mclass[39m=[32m"min-w-0 flex-1"[39m
          [36m>[39m
            [36m<div[39m
              [33mclass[39m=[32m"flex flex-wrap items-center gap-3"[39m
            [36m>[39m
              [36m<span[39m
                [33mclass[39m=[32m"ant-tag ant-tag-filled ant-tag-success uppercase tracking-wider m-0 
css-dev-only-do-not-override-1tzwyuk css-var-root"[39m
              [36m>[39m
                [0mDone[0m
              [36m</span>[39m
              [36m<span[39m
                [33mclass[39m=[32m"ant-typography ant-typography-secondary text-xs 
css-dev-only-do-not-override-1tzwyuk css-var-root"[39m
              [36m>[39m
                [0mUpdated[0m
                [0m [0m
                [36m<span[39m
                  [33mclass[39m=[32m"tabular-nums"[39m
                [36m>[39m
                  [0mMay 12, 2026[0m
                [36m</span>[39m
              [36m</span>[39m
            [36m</div>[39m
            [36m<h4[39m
              [33mclass[39m=[32m"ant-typography mt-4 !mb-2 text-balance css-dev-only-do-not-override-1tzwyuk 
css-var-root"[39m
            [36m>[39m
              [0mDraft release note[0m
            [36m</h4>[39m
            [36m<div[39m
              [33mclass[39m=[32m"ant-typography ant-typography-secondary mb-0 leading-6 [text-wrap:pretty] 
css-dev-only-do-not-override-1tzwyuk css-var-root"[39m
            [36m>[39m
              [0mSummarize shipped work and capture notable changes for the team.[0m
            [36m</div>[39m
          [36m</div>[39m
          [36m<div[39m
            [33mclass[39m=[32m"flex shrink-0 items-center gap-2 mt-4 lg:mt-0"[39m
          [36m>[39m
            [36m<button[39m
              [33mclass[39m=[32m"ant-btn css-dev-only-do-not-override-1tzwyuk css-var-root ant-btn-round 
ant-btn-default ant-btn-color-default ant-btn-variant-outlined"[39m
              [33mtype[39m=[32m"button"[39m
            [36m>[39m
              [36m<span>[39m
                [0mEdit[0m
              [36m</span>[39m
            [36m</button>[39m
            [36m<button[39m
              [33mclass[39m=[32m"ant-btn css-dev-only-do-not-override-1tzwyuk css-var-root ant-btn-round 
ant-btn-primary ant-btn-dangerous ant-btn-color-dangerous ant-btn-variant-solid ant-btn-loading"[39m
              [33mtype[39m=[32m"button"[39m
            [36m>[39m
              [36m<span[39m
                [33mclass[39m=[32m"ant-btn-icon ant-btn-loading-icon"[39m
              [36m>[39m
                [36m<span[39m
                  [33maria-label[39m=[32m"loading"[39m
                  [33mclass[39m=[32m"anticon anticon-loading anticon-spin"[39m
                  [33mrole[39m=[32m"img"[39m
                [36m>[39m
                  [36m<svg[39m
                    [33maria-hidden[39m=[32m"true"[39m
                    [33mdata-icon[39m=[32m"loading"[39m
                    [33mfill[39m=[32m"currentColor"[39m
                    [33mfocusable[39m=[32m"false"[39m
                    [33mheight[39m=[32m"1em"[39m
                    [33mviewBox[39m=[32m"0 0 1024 1024"[39m
                    [33mwidth[39m=[32m"1em"[39m
                  [36m>[39m
                    [36m<path[39m
                      [33md[39m=[32m"M988 548c-19.9 0-36-16.1-36-36 0-59.4-11.6-117-34.6-171.3a440.45 440.45 0 
00-94.3-139.9 437.71 437.71 0 00-139.9-94.3C629 83.6 571.4 72 512 72c-19.9 0-36-16.1-36-36s16.1-36 36-36c69.1 0 136.2 
13.5 199.3 40.3C772.3 66 827 103 874 150c47 47 83.9 101.8 109.7 162.7 26.7 63.1 40.2 130.2 40.2 199.3.1 19.9-16 
36-35.9 36z"[39m
                    [36m/>[39m
                  [36m</svg>[39m
                [36m</span>[39m
              [36m</span>[39m
              [36m<span>[39m
                [0mDelete[0m
              [36m</span>[39m
            [36m</button>[39m
          [36m</div>[39m
        [36m</div>[39m
      [36m</div>[39m
    [36m</div>[39m
  [36m</div>[39m
[36m</body>[39m
[90m [2m❯[22m Object.getElementError node_modules/@testing-library/dom/dist/config.js:[2m37:19[22m[39m
[90m [2m❯[22m node_modules/@testing-library/dom/dist/query-helpers.js:[2m76:38[22m[39m
[90m [2m❯[22m node_modules/@testing-library/dom/dist/query-helpers.js:[2m52:17[22m[39m
[90m [2m❯[22m node_modules/@testing-library/dom/dist/query-helpers.js:[2m95:19[22m[39m
[36m [2m❯[22m __tests__/task-card.test.tsx:[2m41:19[22m[39m
    [90m 39|[39m     // In Ant Design, setting loading={true} adds disabled state to th…
    [90m 40|[39m     [90m// The name remains "Delete"[39m
    [90m 41|[39m     expect(screen.getByRole("button", { name: "Delete" })).toBeDisable…
    [90m   |[39m                   [31m^[39m
    [90m 42|[39m   })[33m;[39m
    [90m 43|[39m })[33m;[39m

[31m[2m⎯⎯⎯⎯⎯⎯⎯⎯⎯⎯⎯⎯⎯⎯⎯⎯⎯⎯⎯⎯⎯⎯⎯⎯[5/7]⎯[22m[39m

[41m[1m FAIL [22m[49m __tests__/task-form.test.tsx[2m > [22mTaskForm[2m > [22mshows validation errors for 
short values
[31m[1mError[22m: Test timed out in 5000ms.
If this is a long-running test, pass a timeout value as the last argument or configure it globally with 
"testTimeout".[39m
[36m [2m❯[22m __tests__/task-form.test.tsx:[2m7:3[22m[39m
    [90m  5|[39m
    [90m  6|[39m [34mdescribe[39m([32m"TaskForm"[39m[33m,[39m () [33m=>[39m {
    [90m  7|[39m   [34mit[39m([32m"shows validation errors for short values"[39m[33m,[39m [35masync[39m () 
[33m=>[39m {
    [90m   |[39m   [31m^[39m
    [90m  8|[39m     [35mconst[39m user [33m=[39m userEvent[33m.[39m[34msetup[39m()[33m;[39m
    [90m  9|[39m     [35mconst[39m onSubmit [33m=[39m vi[33m.[39m[34mfn[39m()[33m;[39m

[31m[2m⎯⎯⎯⎯⎯⎯⎯⎯⎯⎯⎯⎯⎯⎯⎯⎯⎯⎯⎯⎯⎯⎯⎯⎯[6/7]⎯[22m[39m

[41m[1m FAIL [22m[49m __tests__/task-form.test.tsx[2m > [22mTaskForm[2m > [22mrenders the saving state
[31m[1mError[22m: [2mexpect([22m[31melement[31m[2m).toBeDisabled()[22m

Received element is not disabled:
  [31m<button
  class="ant-btn css-dev-only-do-not-override-1tzwyuk css-var-root ant-btn-primary ant-btn-color-primary 
ant-btn-variant-solid ant-btn-lg ant-btn-loading font-semibold"
  type="submit"
/>[31m[39m
[36m [2m❯[22m __tests__/task-form.test.tsx:[2m73:61[22m[39m
    [90m 71|[39m
    [90m 72|[39m     // Ant Design button with loading prop changes to "Saving..." and …
    [90m 73|[39m     expect(screen.getByRole("button", { name: /saving/i })).toBeDisabl…
    [90m   |[39m                                                             [31m^[39m
    [90m 74|[39m   })[33m;[39m
    [90m 75|[39m

[31m[2m⎯⎯⎯⎯⎯⎯⎯⎯⎯⎯⎯⎯⎯⎯⎯⎯⎯⎯⎯⎯⎯⎯⎯⎯[7/7]⎯[22m[39m


[2m Test Files [22m [1m[31m4 failed[39m[22m[2m | [22m[1m[32m3 passed[39m[22m[90m (7)[39m
[2m      Tests [22m [1m[31m7 failed[39m[22m[2m | [22m[1m[32m31 passed[39m[22m[90m (38)[39m
[2m   Start at [22m 23:09:44
[2m   Duration [22m 45.38s[2m (transform 1.79s, setup 9.46s, import 65.83s, tests 39.53s, environment 46.03s)[22m

